[1/210] dominating RR                seed= 1 FCT=  3.290s FCT95=  3.142s done=1 p0=1.82MB p1=3.72MB (0.5s)
[2/210] dominating RR                seed= 2 FCT=  3.276s FCT95=  3.134s done=1 p0=1.81MB p1=3.74MB (0.5s)
[3/210] dominating RR                seed= 3 FCT=  3.290s FCT95=  3.147s done=1 p0=1.83MB p1=3.72MB (0.4s)
[4/210] dominating RR                seed= 4 FCT=  3.264s FCT95=  3.123s done=1 p0=1.79MB p1=3.76MB (0.3s)
[5/210] dominating RR                seed= 5 FCT=  3.283s FCT95=  3.146s done=1 p0=1.81MB p1=3.73MB (0.4s)
[6/210] dominating RR                seed= 6 FCT=  3.295s FCT95=  3.157s done=1 p0=1.81MB p1=3.73MB (0.3s)
[7/210] dominating RR                seed= 7 FCT=  3.243s FCT95=  3.102s done=1 p0=1.78MB p1=3.77MB (0.3s)
[8/210] dominating RR                seed= 8 FCT=  3.253s FCT95=  3.122s done=1 p0=1.80MB p1=3.75MB (0.4s)
[9/210] dominating RR                seed= 9 FCT=  3.263s FCT95=  3.120s done=1 p0=1.81MB p1=3.73MB (0.3s)
[10/210] dominating RR                seed=10 FCT=  3.275s FCT95=  3.139s done=1 p0=1.81MB p1=3.74MB (0.3s)
[11/210] dominating MinRTT            seed= 1 FCT=  4.322s FCT95=  4.111s done=1 p0=0.76MB p1=4.79MB (0.3s)
[12/210] dominating MinRTT            seed= 2 FCT=  3.981s FCT95=  3.774s done=1 p0=0.86MB p1=4.69MB (0.4s)
[13/210] dominating MinRTT            seed= 3 FCT=  3.846s FCT95=  3.846s done=1 p0=1.39MB p1=4.16MB (0.4s)
[14/210] dominating MinRTT            seed= 4 FCT=  4.264s FCT95=  4.053s done=1 p0=0.83MB p1=4.73MB (0.3s)
[15/210] dominating MinRTT            seed= 5 FCT=  4.136s FCT95=  3.921s done=1 p0=0.99MB p1=4.56MB (0.3s)
[16/210] dominating MinRTT            seed= 6 FCT=  4.329s FCT95=  4.329s done=1 p0=0.97MB p1=4.59MB (0.3s)
[17/210] dominating MinRTT            seed= 7 FCT=  4.337s FCT95=  4.127s done=1 p0=0.63MB p1=4.93MB (0.3s)
[18/210] dominating MinRTT            seed= 8 FCT=  4.274s FCT95=  4.059s done=1 p0=0.77MB p1=4.78MB (0.3s)
[19/210] dominating MinRTT            seed= 9 FCT=  4.162s FCT95=  4.150s done=1 p0=0.97MB p1=4.58MB (0.3s)
[20/210] dominating MinRTT            seed=10 FCT=  3.980s FCT95=  3.766s done=1 p0=0.86MB p1=4.69MB (0.3s)
[21/210] dominating BLEST             seed= 1 FCT=  4.359s FCT95=  4.147s done=1 p0=0.85MB p1=4.71MB (0.3s)
[22/210] dominating BLEST             seed= 2 FCT=  4.296s FCT95=  4.087s done=1 p0=0.45MB p1=5.10MB (0.3s)
[23/210] dominating BLEST             seed= 3 FCT=  4.323s FCT95=  4.107s done=1 p0=0.47MB p1=5.09MB (0.3s)
[24/210] dominating BLEST             seed= 4 FCT=  4.277s FCT95=  4.065s done=1 p0=0.50MB p1=5.05MB (0.3s)
[25/210] dominating BLEST             seed= 5 FCT=  4.307s FCT95=  4.094s done=1 p0=0.46MB p1=5.09MB (0.3s)
[26/210] dominating BLEST             seed= 6 FCT= 60.000s FCT95= 60.000s done=0 p0=0.53MB p1=5.11MB (0.5s)
[27/210] dominating BLEST             seed= 7 FCT=  4.472s FCT95=  4.259s done=1 p0=0.61MB p1=4.95MB (0.3s)
[28/210] dominating BLEST             seed= 8 FCT=  4.298s FCT95=  4.083s done=1 p0=0.46MB p1=5.09MB (0.3s)
[29/210] dominating BLEST             seed= 9 FCT=  4.392s FCT95=  4.180s done=1 p0=0.77MB p1=4.78MB (0.3s)
[30/210] dominating BLEST             seed=10 FCT=  4.496s FCT95=  4.291s done=1 p0=0.60MB p1=4.96MB (0.3s)
[31/210] dominating ECF               seed= 1 FCT=  3.634s FCT95=  3.512s done=1 p0=1.35MB p1=4.20MB (0.4s)
[32/210] dominating ECF               seed= 2 FCT=  3.809s FCT95=  3.592s done=1 p0=1.09MB p1=4.46MB (0.4s)
[33/210] dominating ECF               seed= 3 FCT=  3.924s FCT95=  3.716s done=1 p0=0.98MB p1=4.58MB (0.4s)
[34/210] dominating ECF               seed= 4 FCT=  4.268s FCT95=  4.056s done=1 p0=0.77MB p1=4.79MB (0.3s)
[35/210] dominating ECF               seed= 5 FCT=  4.380s FCT95=  4.168s done=1 p0=0.73MB p1=4.83MB (0.3s)
[36/210] dominating ECF               seed= 6 FCT=  4.156s FCT95=  3.938s done=1 p0=0.69MB p1=4.87MB (0.4s)
[37/210] dominating ECF               seed= 7 FCT=  3.897s FCT95=  3.684s done=1 p0=1.20MB p1=4.35MB (0.3s)
[38/210] dominating ECF               seed= 8 FCT=  4.131s FCT95=  3.931s done=1 p0=0.91MB p1=4.64MB (0.3s)
[39/210] dominating ECF               seed= 9 FCT= 60.000s FCT95= 60.000s done=0 p0=0.88MB p1=4.74MB (0.5s)
[40/210] dominating ECF               seed=10 FCT=  4.348s FCT95=  4.137s done=1 p0=0.82MB p1=4.74MB (0.3s)
[41/210] dominating Peekaboo          seed= 1 FCT=  4.322s FCT95=  4.111s done=1 p0=0.76MB p1=4.79MB (0.3s)
[42/210] dominating Peekaboo          seed= 2 FCT=  3.981s FCT95=  3.774s done=1 p0=0.86MB p1=4.69MB (0.4s)
[43/210] dominating Peekaboo          seed= 3 FCT=  3.846s FCT95=  3.846s done=1 p0=1.39MB p1=4.16MB (0.4s)
[44/210] dominating Peekaboo          seed= 4 FCT=  4.264s FCT95=  4.053s done=1 p0=0.83MB p1=4.73MB (0.3s)
[45/210] dominating Peekaboo          seed= 5 FCT=  4.136s FCT95=  3.921s done=1 p0=0.99MB p1=4.56MB (0.3s)
[46/210] dominating Peekaboo          seed= 6 FCT=  4.329s FCT95=  4.329s done=1 p0=0.97MB p1=4.59MB (0.3s)
[47/210] dominating Peekaboo          seed= 7 FCT=  4.131s FCT95=  3.919s done=1 p0=0.94MB p1=4.61MB (0.3s)
[48/210] dominating Peekaboo          seed= 8 FCT=  4.274s FCT95=  4.059s done=1 p0=0.77MB p1=4.78MB (0.3s)
[49/210] dominating Peekaboo          seed= 9 FCT=  4.162s FCT95=  4.150s done=1 p0=0.97MB p1=4.58MB (0.3s)
[50/210] dominating Peekaboo          seed=10 FCT=  3.980s FCT95=  3.766s done=1 p0=0.86MB p1=4.69MB (0.3s)
[51/210] dominating EAT(new)          seed= 1 FCT=  3.264s FCT95=  3.111s done=1 p0=1.79MB p1=3.76MB (0.3s)
[52/210] dominating EAT(new)          seed= 2 FCT=  3.247s FCT95=  3.128s done=1 p0=1.79MB p1=3.76MB (0.3s)
[53/210] dominating EAT(new)          seed= 3 FCT=  3.384s FCT95=  3.211s done=1 p0=1.64MB p1=3.90MB (0.8s)
[54/210] dominating EAT(new)          seed= 4 FCT=  3.257s FCT95=  3.111s done=1 p0=1.79MB p1=3.76MB (0.4s)
[55/210] dominating EAT(new)          seed= 5 FCT=  3.249s FCT95=  3.141s done=1 p0=1.79MB p1=3.76MB (0.4s)
[56/210] dominating EAT(new)          seed= 6 FCT=  3.264s FCT95=  3.155s done=1 p0=1.79MB p1=3.76MB (0.4s)
[57/210] dominating EAT(new)          seed= 7 FCT=  3.230s FCT95=  3.116s done=1 p0=1.78MB p1=3.76MB (0.3s)
[58/210] dominating EAT(new)          seed= 8 FCT=  3.252s FCT95=  3.148s done=1 p0=1.79MB p1=3.76MB (0.4s)
[59/210] dominating EAT(new)          seed= 9 FCT=  3.273s FCT95=  3.120s done=1 p0=1.79MB p1=3.76MB (0.3s)
[60/210] dominating EAT(new)          seed=10 FCT=  3.264s FCT95=  3.113s done=1 p0=1.77MB p1=3.78MB (0.3s)
[61/210] dominating MinRTT-multi(new) seed= 1 FCT=  3.257s FCT95=  3.114s done=1 p0=1.79MB p1=3.75MB (0.3s)
[62/210] dominating MinRTT-multi(new) seed= 2 FCT=  3.270s FCT95=  3.128s done=1 p0=1.81MB p1=3.74MB (0.4s)
[63/210] dominating MinRTT-multi(new) seed= 3 FCT=  3.282s FCT95=  3.139s done=1 p0=1.82MB p1=3.72MB (0.5s)
[64/210] dominating MinRTT-multi(new) seed= 4 FCT=  3.256s FCT95=  3.112s done=1 p0=1.79MB p1=3.76MB (0.3s)
[65/210] dominating MinRTT-multi(new) seed= 5 FCT=  3.279s FCT95=  3.139s done=1 p0=1.81MB p1=3.73MB (0.4s)
[66/210] dominating MinRTT-multi(new) seed= 6 FCT=  3.265s FCT95=  3.123s done=1 p0=1.79MB p1=3.76MB (0.3s)
[67/210] dominating MinRTT-multi(new) seed= 7 FCT=  3.251s FCT95=  3.119s done=1 p0=1.81MB p1=3.74MB (0.4s)
[68/210] dominating MinRTT-multi(new) seed= 8 FCT=  3.249s FCT95=  3.112s done=1 p0=1.80MB p1=3.75MB (0.4s)
[69/210] dominating MinRTT-multi(new) seed= 9 FCT=  3.286s FCT95=  3.142s done=1 p0=1.83MB p1=3.72MB (0.4s)
[70/210] dominating MinRTT-multi(new) seed=10 FCT=  3.271s FCT95=  3.132s done=1 p0=1.81MB p1=3.74MB (0.3s)
[71/210] competing  RR                seed= 1 FCT=  3.468s FCT95=  3.320s done=1 p0=2.20MB p1=3.35MB (0.3s)
[72/210] competing  RR                seed= 2 FCT=  3.394s FCT95=  3.245s done=1 p0=2.15MB p1=3.40MB (0.4s)
[73/210] competing  RR                seed= 3 FCT=  3.404s FCT95=  3.257s done=1 p0=2.16MB p1=3.39MB (0.3s)
[74/210] competing  RR                seed= 4 FCT=  3.461s FCT95=  3.243s done=1 p0=2.20MB p1=3.35MB (0.3s)
[75/210] competing  RR                seed= 5 FCT= 60.000s FCT95=  3.321s done=0 p0=2.18MB p1=3.37MB (0.3s)
[76/210] competing  RR                seed= 6 FCT= 60.000s FCT95=  3.833s done=0 p0=2.55MB p1=3.00MB (0.3s)
[77/210] competing  RR                seed= 7 FCT= 60.000s FCT95=  3.419s done=0 p0=2.32MB p1=3.23MB (0.3s)
[78/210] competing  RR                seed= 8 FCT= 60.000s FCT95=  3.365s done=0 p0=2.27MB p1=3.28MB (0.3s)
[79/210] competing  RR                seed= 9 FCT=  3.394s FCT95=  3.247s done=1 p0=2.17MB p1=3.38MB (0.3s)
[80/210] competing  RR                seed=10 FCT=  3.599s FCT95=  3.383s done=1 p0=2.28MB p1=3.27MB (0.3s)
[81/210] competing  MinRTT            seed= 1 FCT=  4.141s FCT95=  3.934s done=1 p0=1.44MB p1=4.11MB (0.4s)
[82/210] competing  MinRTT            seed= 2 FCT=  6.642s FCT95=  6.216s done=1 p0=3.72MB p1=1.84MB (0.3s)
[83/210] competing  MinRTT            seed= 3 FCT=  5.381s FCT95=  4.945s done=1 p0=3.16MB p1=2.40MB (0.5s)
[84/210] competing  MinRTT            seed= 4 FCT=  6.734s FCT95=  6.302s done=1 p0=3.79MB p1=1.76MB (0.3s)
[85/210] competing  MinRTT            seed= 5 FCT=  5.752s FCT95=  5.317s done=1 p0=1.54MB p1=4.02MB (0.3s)
[86/210] competing  MinRTT            seed= 6 FCT=  6.410s FCT95=  5.986s done=1 p0=3.83MB p1=1.73MB (0.3s)
[87/210] competing  MinRTT            seed= 7 FCT=  4.057s FCT95=  3.951s done=1 p0=1.76MB p1=3.79MB (0.4s)
[88/210] competing  MinRTT            seed= 8 FCT=  4.166s FCT95=  3.959s done=1 p0=1.67MB p1=3.88MB (0.4s)
[89/210] competing  MinRTT            seed= 9 FCT=  7.151s FCT95=  6.724s done=1 p0=4.40MB p1=1.15MB (0.3s)
[90/210] competing  MinRTT            seed=10 FCT=  7.372s FCT95=  6.938s done=1 p0=4.51MB p1=1.05MB (0.3s)
[91/210] competing  BLEST             seed= 1 FCT=  4.236s FCT95=  4.023s done=1 p0=1.53MB p1=4.02MB (0.5s)
[92/210] competing  BLEST             seed= 2 FCT=  6.642s FCT95=  6.216s done=1 p0=3.72MB p1=1.84MB (0.3s)
[93/210] competing  BLEST             seed= 3 FCT=  4.172s FCT95=  3.956s done=1 p0=1.69MB p1=3.85MB (0.5s)
[94/210] competing  BLEST             seed= 4 FCT=  7.145s FCT95=  6.720s done=1 p0=4.04MB p1=1.52MB (0.3s)
[95/210] competing  BLEST             seed= 5 FCT=  4.810s FCT95=  4.421s done=1 p0=1.27MB p1=4.29MB (0.3s)
[96/210] competing  BLEST             seed= 6 FCT=  6.410s FCT95=  5.986s done=1 p0=3.83MB p1=1.73MB (0.3s)
[97/210] competing  BLEST             seed= 7 FCT= 60.000s FCT95=  3.873s done=0 p0=1.84MB p1=3.72MB (0.4s)
[98/210] competing  BLEST             seed= 8 FCT=  5.210s FCT95=  4.778s done=1 p0=2.48MB p1=3.07MB (0.5s)
[99/210] competing  BLEST             seed= 9 FCT=  7.151s FCT95=  6.724s done=1 p0=4.40MB p1=1.15MB (0.3s)
[100/210] competing  BLEST             seed=10 FCT=  7.372s FCT95=  6.938s done=1 p0=4.51MB p1=1.05MB (0.3s)
[101/210] competing  ECF               seed= 1 FCT=  5.351s FCT95=  4.915s done=1 p0=3.12MB p1=2.43MB (0.5s)
[102/210] competing  ECF               seed= 2 FCT=  4.121s FCT95=  3.945s done=1 p0=1.75MB p1=3.80MB (0.5s)
[103/210] competing  ECF               seed= 3 FCT=  7.058s FCT95=  6.629s done=1 p0=4.18MB p1=1.38MB (0.3s)
[104/210] competing  ECF               seed= 4 FCT=  6.522s FCT95=  6.087s done=1 p0=3.89MB p1=1.67MB (0.3s)
[105/210] competing  ECF               seed= 5 FCT=  4.314s FCT95=  4.037s done=1 p0=1.30MB p1=4.25MB (0.4s)
[106/210] competing  ECF               seed= 6 FCT=  6.082s FCT95=  5.816s done=1 p0=3.65MB p1=1.91MB (0.3s)
[107/210] competing  ECF               seed= 7 FCT=  4.038s FCT95=  3.822s done=1 p0=1.66MB p1=3.89MB (0.4s)
[108/210] competing  ECF               seed= 8 FCT=  6.968s FCT95=  6.738s done=1 p0=3.98MB p1=1.58MB (0.3s)
[109/210] competing  ECF               seed= 9 FCT=  7.088s FCT95=  6.660s done=1 p0=4.10MB p1=1.46MB (0.3s)
[110/210] competing  ECF               seed=10 FCT=  6.140s FCT95=  5.722s done=1 p0=3.46MB p1=2.09MB (0.3s)
[111/210] competing  Peekaboo          seed= 1 FCT=  4.141s FCT95=  3.934s done=1 p0=1.44MB p1=4.11MB (0.4s)
[112/210] competing  Peekaboo          seed= 2 FCT=  6.642s FCT95=  6.216s done=1 p0=3.72MB p1=1.84MB (0.3s)
[113/210] competing  Peekaboo          seed= 3 FCT=  5.771s FCT95=  5.340s done=1 p0=3.41MB p1=2.15MB (0.5s)
[114/210] competing  Peekaboo          seed= 4 FCT=  7.661s FCT95=  7.240s done=1 p0=4.40MB p1=1.16MB (0.3s)
[115/210] competing  Peekaboo          seed= 5 FCT=  6.027s FCT95=  5.603s done=1 p0=3.73MB p1=1.83MB (0.3s)
[116/210] competing  Peekaboo          seed= 6 FCT=  7.297s FCT95=  6.879s done=1 p0=4.40MB p1=1.16MB (0.3s)
[117/210] competing  Peekaboo          seed= 7 FCT=  4.142s FCT95=  3.932s done=1 p0=1.56MB p1=3.99MB (0.4s)
[118/210] competing  Peekaboo          seed= 8 FCT=  4.963s FCT95=  4.603s done=1 p0=1.70MB p1=3.85MB (0.3s)
[119/210] competing  Peekaboo          seed= 9 FCT=  7.210s FCT95=  6.780s done=1 p0=4.44MB p1=1.11MB (0.3s)
[120/210] competing  Peekaboo          seed=10 FCT=  7.826s FCT95=  7.398s done=1 p0=4.80MB p1=0.76MB (0.3s)
[121/210] competing  EAT(new)          seed= 1 FCT=  3.442s FCT95=  3.302s done=1 p0=2.18MB p1=3.37MB (0.3s)
[122/210] competing  EAT(new)          seed= 2 FCT= 60.000s FCT95=  3.305s done=0 p0=2.23MB p1=3.32MB (0.3s)
[123/210] competing  EAT(new)          seed= 3 FCT=  3.426s FCT95=  3.286s done=1 p0=2.18MB p1=3.37MB (0.3s)
[124/210] competing  EAT(new)          seed= 4 FCT=  3.468s FCT95=  3.267s done=1 p0=2.20MB p1=3.35MB (0.3s)
[125/210] competing  EAT(new)          seed= 5 FCT= 60.000s FCT95=  3.274s done=0 p0=2.16MB p1=3.40MB (0.3s)
[126/210] competing  EAT(new)          seed= 6 FCT= 60.000s FCT95=  3.598s done=0 p0=2.37MB p1=3.18MB (0.3s)
[127/210] competing  EAT(new)          seed= 7 FCT= 60.000s FCT95=  3.396s done=0 p0=2.31MB p1=3.24MB (0.3s)
[128/210] competing  EAT(new)          seed= 8 FCT= 60.000s FCT95=  3.392s done=0 p0=2.27MB p1=3.28MB (0.3s)
[129/210] competing  EAT(new)          seed= 9 FCT=  3.383s FCT95=  3.220s done=1 p0=2.16MB p1=3.39MB (0.3s)
[130/210] competing  EAT(new)          seed=10 FCT= 60.000s FCT95=  3.404s done=0 p0=2.29MB p1=3.26MB (0.4s)
[131/210] competing  MinRTT-multi(new) seed= 1 FCT=  3.451s FCT95=  3.302s done=1 p0=2.19MB p1=3.36MB (0.3s)
[132/210] competing  MinRTT-multi(new) seed= 2 FCT= 60.000s FCT95=  3.305s done=0 p0=2.22MB p1=3.33MB (0.3s)
[133/210] competing  MinRTT-multi(new) seed= 3 FCT=  3.436s FCT95=  3.286s done=1 p0=2.18MB p1=3.36MB (0.3s)
[134/210] competing  MinRTT-multi(new) seed= 4 FCT=  3.448s FCT95=  3.231s done=1 p0=2.19MB p1=3.36MB (0.3s)
[135/210] competing  MinRTT-multi(new) seed= 5 FCT= 60.000s FCT95=  3.274s done=0 p0=2.15MB p1=3.41MB (0.3s)
[136/210] competing  MinRTT-multi(new) seed= 6 FCT= 60.000s FCT95=  3.598s done=0 p0=2.37MB p1=3.18MB (0.3s)
[137/210] competing  MinRTT-multi(new) seed= 7 FCT= 60.000s FCT95=  3.396s done=0 p0=2.30MB p1=3.25MB (0.3s)
[138/210] competing  MinRTT-multi(new) seed= 8 FCT= 60.000s FCT95=  3.392s done=0 p0=2.28MB p1=3.27MB (0.3s)
[139/210] competing  MinRTT-multi(new) seed= 9 FCT=  3.368s FCT95=  3.220s done=1 p0=2.15MB p1=3.40MB (0.3s)
[140/210] competing  MinRTT-multi(new) seed=10 FCT= 60.000s FCT95=  3.404s done=0 p0=2.29MB p1=3.27MB (0.3s)
[141/210] degrade    RR                seed= 1 FCT=  7.146s FCT95=  6.743s done=1 p0=3.38MB p1=2.18MB (0.3s)
[142/210] degrade    RR                seed= 2 FCT=  6.314s FCT95=  5.962s done=1 p0=3.44MB p1=2.11MB (0.4s)
[143/210] degrade    RR                seed= 3 FCT=  6.340s FCT95=  5.987s done=1 p0=3.47MB p1=2.08MB (0.3s)
[144/210] degrade    RR                seed= 4 FCT=  6.390s FCT95=  6.037s done=1 p0=3.46MB p1=2.10MB (0.3s)
[145/210] degrade    RR                seed= 5 FCT=  6.340s FCT95=  5.987s done=1 p0=3.46MB p1=2.09MB (0.3s)
[146/210] degrade    RR                seed= 6 FCT=  6.339s FCT95=  5.974s done=1 p0=3.47MB p1=2.09MB (0.3s)
[147/210] degrade    RR                seed= 7 FCT=  6.378s FCT95=  6.025s done=1 p0=3.46MB p1=2.10MB (0.3s)
[148/210] degrade    RR                seed= 8 FCT=  6.415s FCT95=  6.038s done=1 p0=3.48MB p1=2.08MB (0.3s)
[149/210] degrade    RR                seed= 9 FCT=  6.352s FCT95=  5.999s done=1 p0=3.48MB p1=2.07MB (0.3s)
[150/210] degrade    RR                seed=10 FCT=  6.302s FCT95=  5.949s done=1 p0=3.45MB p1=2.10MB (0.3s)
[151/210] degrade    MinRTT            seed= 1 FCT=  7.327s FCT95=  6.892s done=1 p0=4.30MB p1=1.26MB (0.3s)
[152/210] degrade    MinRTT            seed= 2 FCT=  6.882s FCT95=  6.549s done=1 p0=3.80MB p1=1.76MB (0.4s)
[153/210] degrade    MinRTT            seed= 3 FCT=  6.569s FCT95=  6.133s done=1 p0=3.82MB p1=1.74MB (0.3s)
[154/210] degrade    MinRTT            seed= 4 FCT=  7.118s FCT95=  6.696s done=1 p0=4.22MB p1=1.33MB (0.4s)
[155/210] degrade    MinRTT            seed= 5 FCT=  6.847s FCT95=  6.773s done=1 p0=3.95MB p1=1.60MB (0.4s)
[156/210] degrade    MinRTT            seed= 6 FCT=  6.826s FCT95=  6.401s done=1 p0=3.62MB p1=1.93MB (0.4s)
[157/210] degrade    MinRTT            seed= 7 FCT=  9.105s FCT95=  8.535s done=1 p0=4.04MB p1=1.52MB (0.3s)
[158/210] degrade    MinRTT            seed= 8 FCT=  7.081s FCT95=  6.658s done=1 p0=4.10MB p1=1.46MB (0.4s)
[159/210] degrade    MinRTT            seed= 9 FCT=  7.348s FCT95=  6.925s done=1 p0=4.20MB p1=1.36MB (0.3s)
[160/210] degrade    MinRTT            seed=10 FCT=  6.507s FCT95=  6.425s done=1 p0=3.76MB p1=1.80MB (0.3s)
[161/210] degrade    BLEST             seed= 1 FCT=  7.651s FCT95=  7.229s done=1 p0=4.43MB p1=1.13MB (0.3s)
[162/210] degrade    BLEST             seed= 2 FCT=  7.141s FCT95=  6.714s done=1 p0=3.79MB p1=1.76MB (0.3s)
[163/210] degrade    BLEST             seed= 3 FCT=  7.191s FCT95=  6.759s done=1 p0=3.82MB p1=1.74MB (0.3s)
[164/210] degrade    BLEST             seed= 4 FCT=  7.272s FCT95=  6.845s done=1 p0=3.98MB p1=1.58MB (0.3s)
[165/210] degrade    BLEST             seed= 5 FCT=  7.148s FCT95=  6.726s done=1 p0=3.80MB p1=1.75MB (0.3s)
[166/210] degrade    BLEST             seed= 6 FCT=  7.170s FCT95=  6.742s done=1 p0=3.86MB p1=1.70MB (0.4s)
[167/210] degrade    BLEST             seed= 7 FCT=  7.630s FCT95=  7.198s done=1 p0=4.37MB p1=1.19MB (0.3s)
[168/210] degrade    BLEST             seed= 8 FCT=  7.214s FCT95=  6.789s done=1 p0=3.84MB p1=1.72MB (0.3s)
[169/210] degrade    BLEST             seed= 9 FCT=  7.643s FCT95=  7.213s done=1 p0=4.40MB p1=1.16MB (0.3s)
[170/210] degrade    BLEST             seed=10 FCT=  7.662s FCT95=  7.232s done=1 p0=4.36MB p1=1.20MB (0.3s)
[171/210] degrade    ECF               seed= 1 FCT=  6.549s FCT95=  6.123s done=1 p0=3.87MB p1=1.68MB (0.3s)
[172/210] degrade    ECF               seed= 2 FCT=  6.155s FCT95=  5.723s done=1 p0=3.63MB p1=1.92MB (0.3s)
[173/210] degrade    ECF               seed= 3 FCT=  6.577s FCT95=  6.141s done=1 p0=3.86MB p1=1.69MB (0.3s)
[174/210] degrade    ECF               seed= 4 FCT=  7.322s FCT95=  6.897s done=1 p0=4.15MB p1=1.41MB (0.3s)
[175/210] degrade    ECF               seed= 5 FCT=  7.337s FCT95=  6.910s done=1 p0=4.17MB p1=1.39MB (0.4s)
[176/210] degrade    ECF               seed= 6 FCT=  6.688s FCT95=  6.264s done=1 p0=3.92MB p1=1.63MB (0.4s)
[177/210] degrade    ECF               seed= 7 FCT=  6.857s FCT95=  6.492s done=1 p0=4.07MB p1=1.49MB (0.3s)
[178/210] degrade    ECF               seed= 8 FCT=  6.909s FCT95=  6.548s done=1 p0=3.97MB p1=1.58MB (0.4s)
[179/210] degrade    ECF               seed= 9 FCT=  6.495s FCT95=  6.064s done=1 p0=3.84MB p1=1.71MB (0.3s)
[180/210] degrade    ECF               seed=10 FCT=  7.511s FCT95=  7.078s done=1 p0=4.38MB p1=1.18MB (0.3s)
[181/210] degrade    Peekaboo          seed= 1 FCT=  7.327s FCT95=  6.892s done=1 p0=4.30MB p1=1.26MB (0.3s)
[182/210] degrade    Peekaboo          seed= 2 FCT=  6.722s FCT95=  6.293s done=1 p0=3.95MB p1=1.61MB (0.4s)
[183/210] degrade    Peekaboo          seed= 3 FCT=  6.798s FCT95=  6.367s done=1 p0=3.97MB p1=1.58MB (0.3s)
[184/210] degrade    Peekaboo          seed= 4 FCT=  7.256s FCT95=  6.827s done=1 p0=4.31MB p1=1.25MB (0.3s)
[185/210] degrade    Peekaboo          seed= 5 FCT=  7.171s FCT95=  6.748s done=1 p0=4.25MB p1=1.31MB (0.3s)
[186/210] degrade    Peekaboo          seed= 6 FCT=  7.130s FCT95=  6.704s done=1 p0=3.82MB p1=1.74MB (0.3s)
[187/210] degrade    Peekaboo          seed= 7 FCT=  7.370s FCT95=  6.954s done=1 p0=4.26MB p1=1.30MB (0.3s)
[188/210] degrade    Peekaboo          seed= 8 FCT=  7.352s FCT95=  6.925s done=1 p0=4.27MB p1=1.29MB (0.3s)
[189/210] degrade    Peekaboo          seed= 9 FCT=  9.408s FCT95=  8.884s done=1 p0=4.28MB p1=1.28MB (0.3s)
[190/210] degrade    Peekaboo          seed=10 FCT=  6.803s FCT95=  6.384s done=1 p0=3.95MB p1=1.61MB (0.3s)
[191/210] degrade    EAT(new)          seed= 1 FCT=  6.089s FCT95=  6.001s done=1 p0=3.49MB p1=2.06MB (0.3s)
[192/210] degrade    EAT(new)          seed= 2 FCT=  6.013s FCT95=  5.937s done=1 p0=3.47MB p1=2.08MB (0.3s)
[193/210] degrade    EAT(new)          seed= 3 FCT=  6.793s FCT95=  6.692s done=1 p0=3.41MB p1=2.15MB (0.4s)
[194/210] degrade    EAT(new)          seed= 4 FCT=  6.050s FCT95=  6.000s done=1 p0=3.49MB p1=2.06MB (0.3s)
[195/210] degrade    EAT(new)          seed= 5 FCT=  6.037s FCT95=  5.936s done=1 p0=3.49MB p1=2.07MB (0.4s)
[196/210] degrade    EAT(new)          seed= 6 FCT=  6.063s FCT95=  5.962s done=1 p0=3.49MB p1=2.06MB (0.3s)
[197/210] degrade    EAT(new)          seed= 7 FCT=  5.987s FCT95=  5.937s done=1 p0=3.49MB p1=2.06MB (0.3s)
[198/210] degrade    EAT(new)          seed= 8 FCT=  6.076s FCT95=  5.976s done=1 p0=3.51MB p1=2.05MB (0.4s)
[199/210] degrade    EAT(new)          seed= 9 FCT=  7.537s FCT95=  7.322s done=1 p0=3.33MB p1=2.23MB (0.3s)
[200/210] degrade    EAT(new)          seed=10 FCT=  6.064s FCT95=  6.000s done=1 p0=3.47MB p1=2.08MB (0.3s)
[201/210] degrade    MinRTT-multi(new) seed= 1 FCT=  6.390s FCT95=  6.012s done=1 p0=3.46MB p1=2.10MB (0.3s)
[202/210] degrade    MinRTT-multi(new) seed= 2 FCT=  6.290s FCT95=  5.937s done=1 p0=3.44MB p1=2.12MB (0.4s)
[203/210] degrade    MinRTT-multi(new) seed= 3 FCT=  6.315s FCT95=  5.950s done=1 p0=3.47MB p1=2.09MB (0.4s)
[204/210] degrade    MinRTT-multi(new) seed= 4 FCT=  6.378s FCT95=  6.025s done=1 p0=3.45MB p1=2.10MB (0.3s)
[205/210] degrade    MinRTT-multi(new) seed= 5 FCT=  6.314s FCT95=  5.936s done=1 p0=3.46MB p1=2.10MB (0.3s)
[206/210] degrade    MinRTT-multi(new) seed= 6 FCT=  6.365s FCT95=  6.013s done=1 p0=3.46MB p1=2.10MB (0.3s)
[207/210] degrade    MinRTT-multi(new) seed= 7 FCT=  6.289s FCT95=  5.937s done=1 p0=3.46MB p1=2.10MB (0.3s)
[208/210] degrade    MinRTT-multi(new) seed= 8 FCT=  6.379s FCT95=  6.026s done=1 p0=3.47MB p1=2.08MB (0.3s)
[209/210] degrade    MinRTT-multi(new) seed= 9 FCT=  6.290s FCT95=  5.938s done=1 p0=3.48MB p1=2.07MB (0.4s)
[210/210] degrade    MinRTT-multi(new) seed=10 FCT=  6.277s FCT95=  5.925s done=1 p0=3.45MB p1=2.11MB (0.3s)
