[1/630] dominating RR                seed= 1 FCT=  3.290s FCT95=  3.142s done=1 p0=1.82MB p1=3.72MB (0.4s)
[2/630] dominating RR                seed= 2 FCT=  3.276s FCT95=  3.134s done=1 p0=1.81MB p1=3.74MB (0.5s)
[3/630] dominating RR                seed= 3 FCT=  3.290s FCT95=  3.147s done=1 p0=1.83MB p1=3.72MB (0.4s)
[4/630] dominating RR                seed= 4 FCT=  3.264s FCT95=  3.123s done=1 p0=1.79MB p1=3.76MB (0.3s)
[5/630] dominating RR                seed= 5 FCT=  3.283s FCT95=  3.146s done=1 p0=1.81MB p1=3.73MB (0.4s)
[6/630] dominating RR                seed= 6 FCT=  3.295s FCT95=  3.157s done=1 p0=1.81MB p1=3.73MB (0.3s)
[7/630] dominating RR                seed= 7 FCT=  3.243s FCT95=  3.102s done=1 p0=1.78MB p1=3.77MB (0.3s)
[8/630] dominating RR                seed= 8 FCT=  3.253s FCT95=  3.122s done=1 p0=1.80MB p1=3.75MB (0.4s)
[9/630] dominating RR                seed= 9 FCT=  3.263s FCT95=  3.120s done=1 p0=1.81MB p1=3.73MB (0.4s)
[10/630] dominating RR                seed=10 FCT=  3.275s FCT95=  3.139s done=1 p0=1.81MB p1=3.74MB (0.3s)
[11/630] dominating RR                seed=11 FCT=  3.279s FCT95=  3.136s done=1 p0=1.77MB p1=3.78MB (0.3s)
[12/630] dominating RR                seed=12 FCT=  3.269s FCT95=  3.132s done=1 p0=1.80MB p1=3.75MB (0.3s)
[13/630] dominating RR                seed=13 FCT=  3.259s FCT95=  3.117s done=1 p0=1.80MB p1=3.75MB (0.4s)
[14/630] dominating RR                seed=14 FCT=  3.259s FCT95=  3.121s done=1 p0=1.79MB p1=3.75MB (0.3s)
[15/630] dominating RR                seed=15 FCT=  3.285s FCT95=  3.141s done=1 p0=1.77MB p1=3.78MB (0.3s)
[16/630] dominating RR                seed=16 FCT=  3.256s FCT95=  3.119s done=1 p0=1.79MB p1=3.76MB (0.3s)
[17/630] dominating RR                seed=17 FCT=  3.261s FCT95=  3.120s done=1 p0=1.80MB p1=3.75MB (0.3s)
[18/630] dominating RR                seed=18 FCT=  3.329s FCT95=  3.178s done=1 p0=1.84MB p1=3.71MB (0.4s)
[19/630] dominating RR                seed=19 FCT=  3.281s FCT95=  3.132s done=1 p0=1.81MB p1=3.73MB (0.3s)
[20/630] dominating RR                seed=20 FCT=  3.303s FCT95=  3.167s done=1 p0=1.84MB p1=3.71MB (0.5s)
[21/630] dominating RR                seed=21 FCT=  3.249s FCT95=  3.108s done=1 p0=1.79MB p1=3.76MB (0.4s)
[22/630] dominating RR                seed=22 FCT=  3.248s FCT95=  3.107s done=1 p0=1.78MB p1=3.77MB (0.3s)
[23/630] dominating RR                seed=23 FCT=  3.273s FCT95=  3.125s done=1 p0=1.81MB p1=3.74MB (0.5s)
[24/630] dominating RR                seed=24 FCT=  3.296s FCT95=  3.159s done=1 p0=1.83MB p1=3.72MB (0.4s)
[25/630] dominating RR                seed=25 FCT=  3.263s FCT95=  3.114s done=1 p0=1.78MB p1=3.77MB (0.3s)
[26/630] dominating RR                seed=26 FCT=  3.292s FCT95=  3.147s done=1 p0=1.82MB p1=3.72MB (0.3s)
[27/630] dominating RR                seed=27 FCT=  3.262s FCT95=  3.117s done=1 p0=1.78MB p1=3.76MB (0.4s)
[28/630] dominating RR                seed=28 FCT=  3.254s FCT95=  3.108s done=1 p0=1.78MB p1=3.77MB (0.4s)
[29/630] dominating RR                seed=29 FCT=  3.273s FCT95=  3.139s done=1 p0=1.81MB p1=3.74MB (0.4s)
[30/630] dominating RR                seed=30 FCT=  3.286s FCT95=  3.142s done=1 p0=1.78MB p1=3.77MB (0.3s)
[31/630] dominating MinRTT            seed= 1 FCT=  4.322s FCT95=  4.111s done=1 p0=0.76MB p1=4.79MB (0.3s)
[32/630] dominating MinRTT            seed= 2 FCT=  3.981s FCT95=  3.774s done=1 p0=0.86MB p1=4.69MB (0.4s)
[33/630] dominating MinRTT            seed= 3 FCT=  3.846s FCT95=  3.846s done=1 p0=1.39MB p1=4.16MB (0.4s)
[34/630] dominating MinRTT            seed= 4 FCT=  4.264s FCT95=  4.053s done=1 p0=0.83MB p1=4.73MB (0.3s)
[35/630] dominating MinRTT            seed= 5 FCT=  4.136s FCT95=  3.921s done=1 p0=0.99MB p1=4.56MB (0.3s)
[36/630] dominating MinRTT            seed= 6 FCT=  4.329s FCT95=  4.329s done=1 p0=0.97MB p1=4.59MB (0.3s)
[37/630] dominating MinRTT            seed= 7 FCT=  4.337s FCT95=  4.127s done=1 p0=0.63MB p1=4.93MB (0.3s)
[38/630] dominating MinRTT            seed= 8 FCT=  4.274s FCT95=  4.059s done=1 p0=0.77MB p1=4.78MB (0.3s)
[39/630] dominating MinRTT            seed= 9 FCT=  4.162s FCT95=  4.150s done=1 p0=0.97MB p1=4.58MB (0.3s)
[40/630] dominating MinRTT            seed=10 FCT=  3.980s FCT95=  3.766s done=1 p0=0.86MB p1=4.69MB (0.3s)
[41/630] dominating MinRTT            seed=11 FCT=  3.997s FCT95=  3.997s done=1 p0=1.12MB p1=4.43MB (0.7s)
[42/630] dominating MinRTT            seed=12 FCT=  4.276s FCT95=  4.067s done=1 p0=0.52MB p1=5.04MB (0.3s)
[43/630] dominating MinRTT            seed=13 FCT=  4.344s FCT95=  4.172s done=1 p0=0.76MB p1=4.79MB (0.4s)
[44/630] dominating MinRTT            seed=14 FCT=  4.270s FCT95=  4.058s done=1 p0=0.77MB p1=4.78MB (0.3s)
[45/630] dominating MinRTT            seed=15 FCT=  4.261s FCT95=  4.051s done=1 p0=0.80MB p1=4.76MB (0.3s)
[46/630] dominating MinRTT            seed=16 FCT=  3.924s FCT95=  3.705s done=1 p0=0.98MB p1=4.58MB (0.4s)
[47/630] dominating MinRTT            seed=17 FCT=  4.177s FCT95=  3.957s done=1 p0=1.12MB p1=4.43MB (0.3s)
[48/630] dominating MinRTT            seed=18 FCT=  4.400s FCT95=  4.189s done=1 p0=0.58MB p1=4.98MB (0.3s)
[49/630] dominating MinRTT            seed=19 FCT=  3.913s FCT95=  3.666s done=1 p0=1.09MB p1=4.47MB (0.4s)
[50/630] dominating MinRTT            seed=20 FCT=  3.980s FCT95=  3.671s done=1 p0=1.13MB p1=4.42MB (0.4s)
[51/630] dominating MinRTT            seed=21 FCT=  3.895s FCT95=  3.683s done=1 p0=1.28MB p1=4.27MB (0.3s)
[52/630] dominating MinRTT            seed=22 FCT=  4.095s FCT95=  3.791s done=1 p0=0.99MB p1=4.56MB (0.3s)
[53/630] dominating MinRTT            seed=23 FCT=  4.167s FCT95=  3.957s done=1 p0=0.88MB p1=4.67MB (0.3s)
[54/630] dominating MinRTT            seed=24 FCT=  3.511s FCT95=  3.411s done=1 p0=1.67MB p1=3.87MB (0.4s)
[55/630] dominating MinRTT            seed=25 FCT=  4.029s FCT95=  4.029s done=1 p0=1.18MB p1=4.37MB (0.4s)
[56/630] dominating MinRTT            seed=26 FCT=  3.796s FCT95=  3.705s done=1 p0=1.14MB p1=4.41MB (0.5s)
[57/630] dominating MinRTT            seed=27 FCT=  4.270s FCT95=  4.052s done=1 p0=0.77MB p1=4.79MB (0.3s)
[58/630] dominating MinRTT            seed=28 FCT=  4.003s FCT95=  3.789s done=1 p0=0.97MB p1=4.58MB (0.3s)
[59/630] dominating MinRTT            seed=29 FCT=  3.693s FCT95=  3.474s done=1 p0=1.24MB p1=4.31MB (0.6s)
[60/630] dominating MinRTT            seed=30 FCT=  3.813s FCT95=  3.597s done=1 p0=1.10MB p1=4.45MB (0.4s)
[61/630] dominating BLEST             seed= 1 FCT=  4.359s FCT95=  4.147s done=1 p0=0.85MB p1=4.71MB (0.3s)
[62/630] dominating BLEST             seed= 2 FCT=  4.296s FCT95=  4.087s done=1 p0=0.45MB p1=5.10MB (0.3s)
[63/630] dominating BLEST             seed= 3 FCT=  4.323s FCT95=  4.107s done=1 p0=0.47MB p1=5.09MB (0.3s)
[64/630] dominating BLEST             seed= 4 FCT=  4.277s FCT95=  4.065s done=1 p0=0.50MB p1=5.05MB (0.3s)
[65/630] dominating BLEST             seed= 5 FCT=  4.307s FCT95=  4.094s done=1 p0=0.46MB p1=5.09MB (0.3s)
[66/630] dominating BLEST             seed= 6 FCT= 60.000s FCT95= 60.000s done=0 p0=0.53MB p1=5.11MB (0.5s)
[67/630] dominating BLEST             seed= 7 FCT=  4.472s FCT95=  4.259s done=1 p0=0.61MB p1=4.95MB (0.3s)
[68/630] dominating BLEST             seed= 8 FCT=  4.298s FCT95=  4.083s done=1 p0=0.46MB p1=5.09MB (0.3s)
[69/630] dominating BLEST             seed= 9 FCT=  4.392s FCT95=  4.180s done=1 p0=0.77MB p1=4.78MB (0.3s)
[70/630] dominating BLEST             seed=10 FCT=  4.496s FCT95=  4.291s done=1 p0=0.60MB p1=4.96MB (0.3s)
[71/630] dominating BLEST             seed=11 FCT=  4.325s FCT95=  4.105s done=1 p0=0.45MB p1=5.10MB (0.3s)
[72/630] dominating BLEST             seed=12 FCT=  4.534s FCT95=  4.316s done=1 p0=0.67MB p1=4.89MB (0.3s)
[73/630] dominating BLEST             seed=13 FCT=  4.495s FCT95=  4.279s done=1 p0=0.62MB p1=4.94MB (0.3s)
[74/630] dominating BLEST             seed=14 FCT= 60.000s FCT95= 60.000s done=0 p0=0.54MB p1=5.15MB (0.8s)
[75/630] dominating BLEST             seed=15 FCT=  4.349s FCT95=  4.138s done=1 p0=0.88MB p1=4.67MB (0.3s)
[76/630] dominating BLEST             seed=16 FCT=  4.304s FCT95=  4.084s done=1 p0=0.47MB p1=5.08MB (0.3s)
[77/630] dominating BLEST             seed=17 FCT=  4.494s FCT95=  4.280s done=1 p0=0.66MB p1=4.89MB (0.3s)
[78/630] dominating BLEST             seed=18 FCT= 60.000s FCT95= 60.000s done=0 p0=0.52MB p1=5.13MB (0.6s)
[79/630] dominating BLEST             seed=19 FCT=  4.281s FCT95=  4.066s done=1 p0=0.50MB p1=5.05MB (0.3s)
[80/630] dominating BLEST             seed=20 FCT=  4.272s FCT95=  4.059s done=1 p0=0.48MB p1=5.07MB (0.3s)
[81/630] dominating BLEST             seed=21 FCT=  4.350s FCT95=  4.132s done=1 p0=0.77MB p1=4.79MB (0.3s)
[82/630] dominating BLEST             seed=22 FCT= 60.000s FCT95= 60.000s done=0 p0=0.68MB p1=4.96MB (0.5s)
[83/630] dominating BLEST             seed=23 FCT=  4.492s FCT95=  4.276s done=1 p0=0.65MB p1=4.90MB (0.3s)
[84/630] dominating BLEST             seed=24 FCT=  4.319s FCT95=  4.104s done=1 p0=0.45MB p1=5.11MB (0.3s)
[85/630] dominating BLEST             seed=25 FCT=  4.513s FCT95=  4.300s done=1 p0=0.60MB p1=4.96MB (0.3s)
[86/630] dominating BLEST             seed=26 FCT=  4.328s FCT95=  4.118s done=1 p0=0.45MB p1=5.10MB (0.3s)
[87/630] dominating BLEST             seed=27 FCT=  4.326s FCT95=  4.110s done=1 p0=0.45MB p1=5.10MB (0.3s)
[88/630] dominating BLEST             seed=28 FCT=  4.489s FCT95=  4.276s done=1 p0=0.60MB p1=4.95MB (0.3s)
[89/630] dominating BLEST             seed=29 FCT=  4.281s FCT95=  4.067s done=1 p0=0.48MB p1=5.07MB (0.3s)
[90/630] dominating BLEST             seed=30 FCT=  4.527s FCT95=  4.318s done=1 p0=0.60MB p1=4.96MB (0.3s)
[91/630] dominating ECF               seed= 1 FCT=  3.634s FCT95=  3.512s done=1 p0=1.35MB p1=4.20MB (0.4s)
[92/630] dominating ECF               seed= 2 FCT=  3.809s FCT95=  3.592s done=1 p0=1.09MB p1=4.46MB (0.4s)
[93/630] dominating ECF               seed= 3 FCT=  3.924s FCT95=  3.716s done=1 p0=0.98MB p1=4.58MB (0.4s)
[94/630] dominating ECF               seed= 4 FCT=  4.268s FCT95=  4.056s done=1 p0=0.77MB p1=4.79MB (0.3s)
[95/630] dominating ECF               seed= 5 FCT=  4.380s FCT95=  4.168s done=1 p0=0.73MB p1=4.83MB (0.3s)
[96/630] dominating ECF               seed= 6 FCT=  4.156s FCT95=  3.938s done=1 p0=0.69MB p1=4.87MB (0.4s)
[97/630] dominating ECF               seed= 7 FCT=  3.897s FCT95=  3.684s done=1 p0=1.20MB p1=4.35MB (0.3s)
[98/630] dominating ECF               seed= 8 FCT=  4.131s FCT95=  3.931s done=1 p0=0.91MB p1=4.64MB (0.3s)
[99/630] dominating ECF               seed= 9 FCT= 60.000s FCT95= 60.000s done=0 p0=0.88MB p1=4.74MB (0.5s)
[100/630] dominating ECF               seed=10 FCT=  4.348s FCT95=  4.137s done=1 p0=0.82MB p1=4.74MB (0.3s)
[101/630] dominating ECF               seed=11 FCT=  4.330s FCT95=  4.110s done=1 p0=0.70MB p1=4.86MB (0.4s)
[102/630] dominating ECF               seed=12 FCT=  3.649s FCT95=  3.431s done=1 p0=1.35MB p1=4.20MB (0.6s)
[103/630] dominating ECF               seed=13 FCT=  4.393s FCT95=  4.182s done=1 p0=0.65MB p1=4.90MB (0.3s)
[104/630] dominating ECF               seed=14 FCT=  4.048s FCT95=  3.893s done=1 p0=0.82MB p1=4.73MB (0.3s)
[105/630] dominating ECF               seed=15 FCT=  4.292s FCT95=  4.081s done=1 p0=0.76MB p1=4.79MB (0.3s)
[106/630] dominating ECF               seed=16 FCT= 60.000s FCT95= 60.000s done=0 p0=1.03MB p1=4.62MB (0.6s)
[107/630] dominating ECF               seed=17 FCT=  4.270s FCT95=  4.069s done=1 p0=0.77MB p1=4.78MB (0.3s)
[108/630] dominating ECF               seed=18 FCT=  4.314s FCT95=  4.108s done=1 p0=0.70MB p1=4.86MB (0.3s)
[109/630] dominating ECF               seed=19 FCT=  4.228s FCT95=  4.013s done=1 p0=0.79MB p1=4.77MB (0.3s)
[110/630] dominating ECF               seed=20 FCT=  4.258s FCT95=  4.045s done=1 p0=0.79MB p1=4.77MB (0.3s)
[111/630] dominating ECF               seed=21 FCT=  4.012s FCT95=  3.800s done=1 p0=0.83MB p1=4.73MB (0.4s)
[112/630] dominating ECF               seed=22 FCT=  4.395s FCT95=  4.175s done=1 p0=0.69MB p1=4.86MB (0.3s)
[113/630] dominating ECF               seed=23 FCT=  4.332s FCT95=  4.124s done=1 p0=0.62MB p1=4.93MB (0.3s)
[114/630] dominating ECF               seed=24 FCT=  3.930s FCT95=  3.724s done=1 p0=0.96MB p1=4.60MB (0.4s)
[115/630] dominating ECF               seed=25 FCT=  4.346s FCT95=  4.135s done=1 p0=0.62MB p1=4.94MB (0.3s)
[116/630] dominating ECF               seed=26 FCT=  4.007s FCT95=  3.795s done=1 p0=0.87MB p1=4.68MB (0.4s)
[117/630] dominating ECF               seed=27 FCT=  4.078s FCT95=  3.862s done=1 p0=1.06MB p1=4.50MB (0.3s)
[118/630] dominating ECF               seed=28 FCT=  4.193s FCT95=  3.986s done=1 p0=0.87MB p1=4.69MB (0.3s)
[119/630] dominating ECF               seed=29 FCT=  3.907s FCT95=  3.697s done=1 p0=0.96MB p1=4.59MB (0.4s)
[120/630] dominating ECF               seed=30 FCT=  4.398s FCT95=  4.186s done=1 p0=0.34MB p1=5.22MB (0.3s)
[121/630] dominating Peekaboo          seed= 1 FCT=  4.322s FCT95=  4.111s done=1 p0=0.76MB p1=4.79MB (0.3s)
[122/630] dominating Peekaboo          seed= 2 FCT=  3.981s FCT95=  3.774s done=1 p0=0.86MB p1=4.69MB (0.4s)
[123/630] dominating Peekaboo          seed= 3 FCT=  3.846s FCT95=  3.846s done=1 p0=1.39MB p1=4.16MB (0.4s)
[124/630] dominating Peekaboo          seed= 4 FCT=  4.264s FCT95=  4.053s done=1 p0=0.83MB p1=4.73MB (0.3s)
[125/630] dominating Peekaboo          seed= 5 FCT=  4.136s FCT95=  3.921s done=1 p0=0.99MB p1=4.56MB (0.3s)
[126/630] dominating Peekaboo          seed= 6 FCT=  4.329s FCT95=  4.329s done=1 p0=0.97MB p1=4.59MB (0.3s)
[127/630] dominating Peekaboo          seed= 7 FCT=  4.131s FCT95=  3.919s done=1 p0=0.94MB p1=4.61MB (0.3s)
[128/630] dominating Peekaboo          seed= 8 FCT=  4.274s FCT95=  4.059s done=1 p0=0.77MB p1=4.78MB (0.3s)
[129/630] dominating Peekaboo          seed= 9 FCT=  4.162s FCT95=  4.150s done=1 p0=0.97MB p1=4.58MB (0.3s)
[130/630] dominating Peekaboo          seed=10 FCT=  3.980s FCT95=  3.766s done=1 p0=0.86MB p1=4.69MB (0.3s)
[131/630] dominating Peekaboo          seed=11 FCT=  3.997s FCT95=  3.997s done=1 p0=1.12MB p1=4.43MB (0.7s)
[132/630] dominating Peekaboo          seed=12 FCT=  4.412s FCT95=  4.200s done=1 p0=0.38MB p1=5.17MB (0.3s)
[133/630] dominating Peekaboo          seed=13 FCT=  4.248s FCT95=  4.039s done=1 p0=0.88MB p1=4.68MB (0.4s)
[134/630] dominating Peekaboo          seed=14 FCT=  4.289s FCT95=  4.076s done=1 p0=0.80MB p1=4.76MB (0.3s)
[135/630] dominating Peekaboo          seed=15 FCT=  4.261s FCT95=  4.051s done=1 p0=0.80MB p1=4.76MB (0.3s)
[136/630] dominating Peekaboo          seed=16 FCT=  3.924s FCT95=  3.705s done=1 p0=0.98MB p1=4.58MB (0.4s)
[137/630] dominating Peekaboo          seed=17 FCT=  4.177s FCT95=  3.957s done=1 p0=1.12MB p1=4.43MB (0.3s)
[138/630] dominating Peekaboo          seed=18 FCT=  4.400s FCT95=  4.189s done=1 p0=0.58MB p1=4.98MB (0.3s)
[139/630] dominating Peekaboo          seed=19 FCT=  3.913s FCT95=  3.666s done=1 p0=1.09MB p1=4.47MB (0.4s)
[140/630] dominating Peekaboo          seed=20 FCT=  3.980s FCT95=  3.671s done=1 p0=1.13MB p1=4.42MB (0.4s)
[141/630] dominating Peekaboo          seed=21 FCT=  3.895s FCT95=  3.683s done=1 p0=1.28MB p1=4.27MB (0.3s)
[142/630] dominating Peekaboo          seed=22 FCT=  4.135s FCT95=  3.919s done=1 p0=0.68MB p1=4.87MB (0.4s)
[143/630] dominating Peekaboo          seed=23 FCT=  4.378s FCT95=  4.168s done=1 p0=0.65MB p1=4.90MB (0.3s)
[144/630] dominating Peekaboo          seed=24 FCT=  3.511s FCT95=  3.411s done=1 p0=1.67MB p1=3.87MB (0.4s)
[145/630] dominating Peekaboo          seed=25 FCT=  4.029s FCT95=  4.029s done=1 p0=1.18MB p1=4.37MB (0.4s)
[146/630] dominating Peekaboo          seed=26 FCT=  3.796s FCT95=  3.705s done=1 p0=1.14MB p1=4.41MB (0.5s)
[147/630] dominating Peekaboo          seed=27 FCT=  4.286s FCT95=  4.068s done=1 p0=0.79MB p1=4.76MB (0.3s)
[148/630] dominating Peekaboo          seed=28 FCT=  4.142s FCT95=  3.933s done=1 p0=0.97MB p1=4.58MB (0.3s)
[149/630] dominating Peekaboo          seed=29 FCT=  3.693s FCT95=  3.474s done=1 p0=1.24MB p1=4.31MB (0.6s)
[150/630] dominating Peekaboo          seed=30 FCT=  3.813s FCT95=  3.597s done=1 p0=1.10MB p1=4.45MB (0.4s)
[151/630] dominating EAT(new)          seed= 1 FCT=  3.264s FCT95=  3.111s done=1 p0=1.79MB p1=3.76MB (0.3s)
[152/630] dominating EAT(new)          seed= 2 FCT=  3.247s FCT95=  3.128s done=1 p0=1.79MB p1=3.76MB (0.3s)
[153/630] dominating EAT(new)          seed= 3 FCT=  3.384s FCT95=  3.211s done=1 p0=1.64MB p1=3.90MB (0.8s)
[154/630] dominating EAT(new)          seed= 4 FCT=  3.257s FCT95=  3.111s done=1 p0=1.79MB p1=3.76MB (0.4s)
[155/630] dominating EAT(new)          seed= 5 FCT=  3.249s FCT95=  3.141s done=1 p0=1.79MB p1=3.76MB (0.4s)
[156/630] dominating EAT(new)          seed= 6 FCT=  3.264s FCT95=  3.155s done=1 p0=1.79MB p1=3.76MB (0.4s)
[157/630] dominating EAT(new)          seed= 7 FCT=  3.230s FCT95=  3.116s done=1 p0=1.78MB p1=3.76MB (0.3s)
[158/630] dominating EAT(new)          seed= 8 FCT=  3.252s FCT95=  3.148s done=1 p0=1.79MB p1=3.76MB (0.4s)
[159/630] dominating EAT(new)          seed= 9 FCT=  3.273s FCT95=  3.120s done=1 p0=1.79MB p1=3.76MB (0.4s)
[160/630] dominating EAT(new)          seed=10 FCT=  3.264s FCT95=  3.113s done=1 p0=1.77MB p1=3.78MB (0.3s)
[161/630] dominating EAT(new)          seed=11 FCT=  3.264s FCT95=  3.151s done=1 p0=1.78MB p1=3.77MB (0.4s)
[162/630] dominating EAT(new)          seed=12 FCT=  3.271s FCT95=  3.154s done=1 p0=1.79MB p1=3.76MB (0.4s)
[163/630] dominating EAT(new)          seed=13 FCT=  3.256s FCT95=  3.109s done=1 p0=1.79MB p1=3.76MB (0.3s)
[164/630] dominating EAT(new)          seed=14 FCT=  3.256s FCT95=  3.165s done=1 p0=1.81MB p1=3.74MB (0.5s)
[165/630] dominating EAT(new)          seed=15 FCT=  3.268s FCT95=  3.159s done=1 p0=1.78MB p1=3.77MB (0.4s)
[166/630] dominating EAT(new)          seed=16 FCT=  3.267s FCT95=  3.116s done=1 p0=1.76MB p1=3.78MB (0.3s)
[167/630] dominating EAT(new)          seed=17 FCT=  3.249s FCT95=  3.129s done=1 p0=1.78MB p1=3.76MB (0.3s)
[168/630] dominating EAT(new)          seed=18 FCT=  3.290s FCT95=  3.181s done=1 p0=1.81MB p1=3.74MB (0.4s)
[169/630] dominating EAT(new)          seed=19 FCT=  3.248s FCT95=  3.127s done=1 p0=1.78MB p1=3.76MB (0.4s)
[170/630] dominating EAT(new)          seed=20 FCT=  3.246s FCT95=  3.128s done=1 p0=1.79MB p1=3.76MB (0.4s)
[171/630] dominating EAT(new)          seed=21 FCT=  3.239s FCT95=  3.143s done=1 p0=1.79MB p1=3.76MB (0.3s)
[172/630] dominating EAT(new)          seed=22 FCT=  3.246s FCT95=  3.098s done=1 p0=1.78MB p1=3.77MB (0.3s)
[173/630] dominating EAT(new)          seed=23 FCT=  3.250s FCT95=  3.105s done=1 p0=1.77MB p1=3.78MB (0.3s)
[174/630] dominating EAT(new)          seed=24 FCT=  3.248s FCT95=  3.138s done=1 p0=1.80MB p1=3.75MB (0.4s)
[175/630] dominating EAT(new)          seed=25 FCT=  3.367s FCT95=  3.205s done=1 p0=1.64MB p1=3.91MB (0.4s)
[176/630] dominating EAT(new)          seed=26 FCT=  3.261s FCT95=  3.143s done=1 p0=1.80MB p1=3.75MB (0.5s)
[177/630] dominating EAT(new)          seed=27 FCT=  3.252s FCT95=  3.135s done=1 p0=1.79MB p1=3.76MB (0.4s)
[178/630] dominating EAT(new)          seed=28 FCT=  3.255s FCT95=  3.102s done=1 p0=1.77MB p1=3.78MB (0.4s)
[179/630] dominating EAT(new)          seed=29 FCT=  3.254s FCT95=  3.108s done=1 p0=1.77MB p1=3.78MB (0.3s)
[180/630] dominating EAT(new)          seed=30 FCT=  3.271s FCT95=  3.159s done=1 p0=1.79MB p1=3.76MB (0.3s)
[181/630] dominating MinRTT-multi(new) seed= 1 FCT=  3.257s FCT95=  3.114s done=1 p0=1.79MB p1=3.75MB (0.3s)
[182/630] dominating MinRTT-multi(new) seed= 2 FCT=  3.270s FCT95=  3.128s done=1 p0=1.81MB p1=3.74MB (0.4s)
[183/630] dominating MinRTT-multi(new) seed= 3 FCT=  3.282s FCT95=  3.139s done=1 p0=1.82MB p1=3.72MB (0.5s)
[184/630] dominating MinRTT-multi(new) seed= 4 FCT=  3.256s FCT95=  3.112s done=1 p0=1.79MB p1=3.76MB (0.3s)
[185/630] dominating MinRTT-multi(new) seed= 5 FCT=  3.279s FCT95=  3.139s done=1 p0=1.81MB p1=3.73MB (0.4s)
[186/630] dominating MinRTT-multi(new) seed= 6 FCT=  3.265s FCT95=  3.123s done=1 p0=1.79MB p1=3.76MB (0.3s)
[187/630] dominating MinRTT-multi(new) seed= 7 FCT=  3.251s FCT95=  3.119s done=1 p0=1.81MB p1=3.74MB (0.4s)
[188/630] dominating MinRTT-multi(new) seed= 8 FCT=  3.249s FCT95=  3.112s done=1 p0=1.80MB p1=3.75MB (0.4s)
[189/630] dominating MinRTT-multi(new) seed= 9 FCT=  3.286s FCT95=  3.142s done=1 p0=1.83MB p1=3.72MB (0.4s)
[190/630] dominating MinRTT-multi(new) seed=10 FCT=  3.271s FCT95=  3.132s done=1 p0=1.81MB p1=3.74MB (0.3s)
[191/630] dominating MinRTT-multi(new) seed=11 FCT=  3.270s FCT95=  3.127s done=1 p0=1.77MB p1=3.78MB (0.3s)
[192/630] dominating MinRTT-multi(new) seed=12 FCT=  3.288s FCT95=  3.152s done=1 p0=1.82MB p1=3.73MB (0.4s)
[193/630] dominating MinRTT-multi(new) seed=13 FCT=  3.249s FCT95=  3.104s done=1 p0=1.80MB p1=3.74MB (0.4s)
[194/630] dominating MinRTT-multi(new) seed=14 FCT=  3.282s FCT95=  3.128s done=1 p0=1.82MB p1=3.73MB (0.4s)
[195/630] dominating MinRTT-multi(new) seed=15 FCT=  3.288s FCT95=  3.157s done=1 p0=1.80MB p1=3.75MB (0.4s)
[196/630] dominating MinRTT-multi(new) seed=16 FCT=  3.256s FCT95=  3.114s done=1 p0=1.78MB p1=3.77MB (0.3s)
[197/630] dominating MinRTT-multi(new) seed=17 FCT=  3.270s FCT95=  3.134s done=1 p0=1.80MB p1=3.74MB (0.4s)
[198/630] dominating MinRTT-multi(new) seed=18 FCT=  3.291s FCT95=  3.145s done=1 p0=1.81MB p1=3.73MB (0.3s)
[199/630] dominating MinRTT-multi(new) seed=19 FCT=  3.273s FCT95=  3.127s done=1 p0=1.81MB p1=3.74MB (0.4s)
[200/630] dominating MinRTT-multi(new) seed=20 FCT=  3.245s FCT95=  3.104s done=1 p0=1.79MB p1=3.76MB (0.3s)
[201/630] dominating MinRTT-multi(new) seed=21 FCT=  3.290s FCT95=  3.141s done=1 p0=1.82MB p1=3.72MB (0.4s)
[202/630] dominating MinRTT-multi(new) seed=22 FCT=  3.238s FCT95=  3.096s done=1 p0=1.79MB p1=3.76MB (0.3s)
[203/630] dominating MinRTT-multi(new) seed=23 FCT=  3.246s FCT95=  3.100s done=1 p0=1.79MB p1=3.76MB (0.3s)
[204/630] dominating MinRTT-multi(new) seed=24 FCT=  3.275s FCT95=  3.135s done=1 p0=1.82MB p1=3.73MB (0.3s)
[205/630] dominating MinRTT-multi(new) seed=25 FCT=  3.259s FCT95=  3.112s done=1 p0=1.77MB p1=3.77MB (0.3s)
[206/630] dominating MinRTT-multi(new) seed=26 FCT=  3.291s FCT95=  3.145s done=1 p0=1.82MB p1=3.72MB (0.4s)
[207/630] dominating MinRTT-multi(new) seed=27 FCT=  3.273s FCT95=  3.136s done=1 p0=1.81MB p1=3.73MB (0.4s)
[208/630] dominating MinRTT-multi(new) seed=28 FCT=  3.241s FCT95=  3.095s done=1 p0=1.79MB p1=3.76MB (0.3s)
[209/630] dominating MinRTT-multi(new) seed=29 FCT=  3.244s FCT95=  3.109s done=1 p0=1.78MB p1=3.76MB (0.3s)
[210/630] dominating MinRTT-multi(new) seed=30 FCT=  3.298s FCT95=  3.164s done=1 p0=1.81MB p1=3.74MB (0.4s)
[211/630] competing  RR                seed= 1 FCT=  3.468s FCT95=  3.320s done=1 p0=2.20MB p1=3.35MB (0.3s)
[212/630] competing  RR                seed= 2 FCT=  3.394s FCT95=  3.245s done=1 p0=2.15MB p1=3.40MB (0.3s)
[213/630] competing  RR                seed= 3 FCT=  3.404s FCT95=  3.257s done=1 p0=2.16MB p1=3.39MB (0.3s)
[214/630] competing  RR                seed= 4 FCT=  3.461s FCT95=  3.243s done=1 p0=2.20MB p1=3.35MB (0.3s)
[215/630] competing  RR                seed= 5 FCT= 60.000s FCT95=  3.321s done=0 p0=2.18MB p1=3.37MB (0.3s)
[216/630] competing  RR                seed= 6 FCT= 60.000s FCT95=  3.833s done=0 p0=2.55MB p1=3.00MB (0.3s)
[217/630] competing  RR                seed= 7 FCT= 60.000s FCT95=  3.419s done=0 p0=2.32MB p1=3.23MB (0.3s)
[218/630] competing  RR                seed= 8 FCT= 60.000s FCT95=  3.365s done=0 p0=2.27MB p1=3.28MB (0.3s)
[219/630] competing  RR                seed= 9 FCT=  3.394s FCT95=  3.247s done=1 p0=2.17MB p1=3.38MB (0.3s)
[220/630] competing  RR                seed=10 FCT=  3.599s FCT95=  3.383s done=1 p0=2.28MB p1=3.27MB (0.3s)
[221/630] competing  RR                seed=11 FCT= 60.000s FCT95=  3.295s done=0 p0=2.14MB p1=3.41MB (0.3s)
[222/630] competing  RR                seed=12 FCT= 60.000s FCT95=  3.329s done=0 p0=2.18MB p1=3.37MB (0.3s)
[223/630] competing  RR                seed=13 FCT= 60.000s FCT95=  3.345s done=0 p0=2.26MB p1=3.29MB (0.3s)
[224/630] competing  RR                seed=14 FCT= 60.000s FCT95=  3.289s done=0 p0=2.17MB p1=3.38MB (0.3s)
[225/630] competing  RR                seed=15 FCT= 60.000s FCT95=  3.571s done=0 p0=2.37MB p1=3.18MB (0.3s)
[226/630] competing  RR                seed=16 FCT= 60.000s FCT95=  3.706s done=0 p0=2.46MB p1=3.10MB (0.3s)
[227/630] competing  RR                seed=17 FCT= 60.000s FCT95=  3.264s done=0 p0=2.15MB p1=3.40MB (0.3s)
[228/630] competing  RR                seed=18 FCT= 60.000s FCT95=  3.387s done=0 p0=2.22MB p1=3.33MB (0.3s)
[229/630] competing  RR                seed=19 FCT= 60.000s FCT95=  3.760s done=0 p0=2.50MB p1=3.05MB (0.2s)
[230/630] competing  RR                seed=20 FCT=  3.423s FCT95=  3.278s done=1 p0=2.18MB p1=3.36MB (0.3s)
[231/630] competing  RR                seed=21 FCT= 60.000s FCT95=  3.476s done=0 p0=2.34MB p1=3.21MB (0.3s)
[232/630] competing  RR                seed=22 FCT=  4.098s FCT95=  3.926s done=1 p0=2.61MB p1=2.94MB (0.3s)
[233/630] competing  RR                seed=23 FCT= 60.000s FCT95=  3.825s done=0 p0=2.55MB p1=3.00MB (0.3s)
[234/630] competing  RR                seed=24 FCT=  3.383s FCT95=  3.241s done=1 p0=2.14MB p1=3.40MB (0.3s)
[235/630] competing  RR                seed=25 FCT=  3.414s FCT95=  3.270s done=1 p0=2.16MB p1=3.38MB (0.3s)
[236/630] competing  RR                seed=26 FCT= 60.000s FCT95=  3.268s done=0 p0=2.16MB p1=3.39MB (0.3s)
[237/630] competing  RR                seed=27 FCT=  3.406s FCT95=  3.262s done=1 p0=2.17MB p1=3.38MB (0.3s)
[238/630] competing  RR                seed=28 FCT= 60.000s FCT95=  3.411s done=0 p0=2.30MB p1=3.26MB (0.3s)
[239/630] competing  RR                seed=29 FCT=  3.403s FCT95=  3.260s done=1 p0=2.15MB p1=3.39MB (0.3s)
[240/630] competing  RR                seed=30 FCT=  3.408s FCT95=  3.271s done=1 p0=2.14MB p1=3.41MB (0.3s)
[241/630] competing  MinRTT            seed= 1 FCT=  4.141s FCT95=  3.934s done=1 p0=1.44MB p1=4.11MB (0.4s)
[242/630] competing  MinRTT            seed= 2 FCT=  6.642s FCT95=  6.216s done=1 p0=3.72MB p1=1.84MB (0.3s)
[243/630] competing  MinRTT            seed= 3 FCT=  5.381s FCT95=  4.945s done=1 p0=3.16MB p1=2.40MB (0.5s)
[244/630] competing  MinRTT            seed= 4 FCT=  6.734s FCT95=  6.302s done=1 p0=3.79MB p1=1.76MB (0.3s)
[245/630] competing  MinRTT            seed= 5 FCT=  5.752s FCT95=  5.317s done=1 p0=1.54MB p1=4.02MB (0.3s)
[246/630] competing  MinRTT            seed= 6 FCT=  6.410s FCT95=  5.986s done=1 p0=3.83MB p1=1.73MB (0.3s)
[247/630] competing  MinRTT            seed= 7 FCT=  4.057s FCT95=  3.951s done=1 p0=1.76MB p1=3.79MB (0.4s)
[248/630] competing  MinRTT            seed= 8 FCT=  4.166s FCT95=  3.959s done=1 p0=1.67MB p1=3.88MB (0.4s)
[249/630] competing  MinRTT            seed= 9 FCT=  7.151s FCT95=  6.724s done=1 p0=4.40MB p1=1.15MB (0.3s)
[250/630] competing  MinRTT            seed=10 FCT=  7.372s FCT95=  6.938s done=1 p0=4.51MB p1=1.05MB (0.3s)
[251/630] competing  MinRTT            seed=11 FCT=  7.504s FCT95=  7.078s done=1 p0=4.48MB p1=1.08MB (0.3s)
[252/630] competing  MinRTT            seed=12 FCT=  4.596s FCT95=  4.170s done=1 p0=1.93MB p1=3.62MB (0.4s)
[253/630] competing  MinRTT            seed=13 FCT=  8.001s FCT95=  7.571s done=1 p0=5.00MB p1=0.56MB (0.3s)
[254/630] competing  MinRTT            seed=14 FCT=  4.553s FCT95=  4.237s done=1 p0=1.76MB p1=3.80MB (0.3s)
[255/630] competing  MinRTT            seed=15 FCT=  7.262s FCT95=  6.843s done=1 p0=4.35MB p1=1.21MB (0.3s)
[256/630] competing  MinRTT            seed=16 FCT=  5.637s FCT95=  5.219s done=1 p0=3.33MB p1=2.23MB (0.6s)
[257/630] competing  MinRTT            seed=17 FCT=  7.315s FCT95=  6.889s done=1 p0=4.47MB p1=1.09MB (0.3s)
[258/630] competing  MinRTT            seed=18 FCT=  7.979s FCT95=  7.554s done=1 p0=4.89MB p1=0.67MB (0.3s)
[259/630] competing  MinRTT            seed=19 FCT=  6.916s FCT95=  6.500s done=1 p0=4.18MB p1=1.38MB (0.3s)
[260/630] competing  MinRTT            seed=20 FCT=  4.100s FCT95=  3.909s done=1 p0=1.69MB p1=3.86MB (0.5s)
[261/630] competing  MinRTT            seed=21 FCT=  5.447s FCT95=  5.095s done=1 p0=1.76MB p1=3.79MB (0.4s)
[262/630] competing  MinRTT            seed=22 FCT=  7.678s FCT95=  7.254s done=1 p0=4.71MB p1=0.85MB (0.3s)
[263/630] competing  MinRTT            seed=23 FCT= 60.000s FCT95=  5.146s done=0 p0=3.36MB p1=2.20MB (0.4s)
[264/630] competing  MinRTT            seed=24 FCT=  7.192s FCT95=  6.954s done=1 p0=4.26MB p1=1.30MB (0.3s)
[265/630] competing  MinRTT            seed=25 FCT=  4.618s FCT95=  4.255s done=1 p0=1.64MB p1=3.92MB (0.4s)
[266/630] competing  MinRTT            seed=26 FCT=  7.126s FCT95=  6.704s done=1 p0=4.07MB p1=1.49MB (0.3s)
[267/630] competing  MinRTT            seed=27 FCT=  5.301s FCT95=  5.074s done=1 p0=3.13MB p1=2.42MB (0.5s)
[268/630] competing  MinRTT            seed=28 FCT=  6.695s FCT95=  6.283s done=1 p0=3.98MB p1=1.58MB (0.3s)
[269/630] competing  MinRTT            seed=29 FCT=  6.896s FCT95=  6.471s done=1 p0=3.90MB p1=1.66MB (0.3s)
[270/630] competing  MinRTT            seed=30 FCT= 18.660s FCT95= 18.116s done=1 p0=1.03MB p1=4.56MB (0.3s)
[271/630] competing  BLEST             seed= 1 FCT=  4.236s FCT95=  4.023s done=1 p0=1.53MB p1=4.02MB (0.5s)
[272/630] competing  BLEST             seed= 2 FCT=  6.642s FCT95=  6.216s done=1 p0=3.72MB p1=1.84MB (0.3s)
[273/630] competing  BLEST             seed= 3 FCT=  4.172s FCT95=  3.956s done=1 p0=1.69MB p1=3.85MB (0.4s)
[274/630] competing  BLEST             seed= 4 FCT=  7.145s FCT95=  6.720s done=1 p0=4.04MB p1=1.52MB (0.3s)
[275/630] competing  BLEST             seed= 5 FCT=  4.810s FCT95=  4.421s done=1 p0=1.27MB p1=4.29MB (0.3s)
[276/630] competing  BLEST             seed= 6 FCT=  6.410s FCT95=  5.986s done=1 p0=3.83MB p1=1.73MB (0.3s)
[277/630] competing  BLEST             seed= 7 FCT= 60.000s FCT95=  3.873s done=0 p0=1.84MB p1=3.72MB (0.4s)
[278/630] competing  BLEST             seed= 8 FCT=  5.210s FCT95=  4.778s done=1 p0=2.48MB p1=3.07MB (0.5s)
[279/630] competing  BLEST             seed= 9 FCT=  7.151s FCT95=  6.724s done=1 p0=4.40MB p1=1.15MB (0.3s)
[280/630] competing  BLEST             seed=10 FCT=  7.372s FCT95=  6.938s done=1 p0=4.51MB p1=1.05MB (0.3s)
[281/630] competing  BLEST             seed=11 FCT=  7.390s FCT95=  6.961s done=1 p0=4.17MB p1=1.39MB (0.3s)
[282/630] competing  BLEST             seed=12 FCT= 60.000s FCT95= 60.000s done=0 p0=1.27MB p1=4.37MB (0.5s)
[283/630] competing  BLEST             seed=13 FCT=  8.001s FCT95=  7.571s done=1 p0=5.00MB p1=0.56MB (0.3s)
[284/630] competing  BLEST             seed=14 FCT= 60.000s FCT95= 60.000s done=0 p0=1.24MB p1=4.41MB (0.5s)
[285/630] competing  BLEST             seed=15 FCT=  6.715s FCT95=  6.287s done=1 p0=3.76MB p1=1.80MB (0.3s)
[286/630] competing  BLEST             seed=16 FCT=  5.657s FCT95=  5.240s done=1 p0=3.03MB p1=2.53MB (0.7s)
[287/630] competing  BLEST             seed=17 FCT=  7.315s FCT95=  6.889s done=1 p0=4.47MB p1=1.09MB (0.3s)
[288/630] competing  BLEST             seed=18 FCT=  7.826s FCT95=  7.405s done=1 p0=4.79MB p1=0.77MB (0.3s)
[289/630] competing  BLEST             seed=19 FCT=  6.916s FCT95=  6.500s done=1 p0=4.18MB p1=1.38MB (0.3s)
[290/630] competing  BLEST             seed=20 FCT= 60.000s FCT95=  5.207s done=0 p0=1.09MB p1=4.46MB (0.4s)
[291/630] competing  BLEST             seed=21 FCT=  6.073s FCT95=  5.344s done=1 p0=1.64MB p1=3.92MB (0.3s)
[292/630] competing  BLEST             seed=22 FCT=  7.651s FCT95=  7.229s done=1 p0=4.17MB p1=1.39MB (0.3s)
[293/630] competing  BLEST             seed=23 FCT=  4.399s FCT95=  4.188s done=1 p0=1.29MB p1=4.27MB (0.3s)
[294/630] competing  BLEST             seed=24 FCT=  6.915s FCT95=  6.486s done=1 p0=3.90MB p1=1.66MB (0.3s)
[295/630] competing  BLEST             seed=25 FCT=  4.398s FCT95=  4.198s done=1 p0=1.96MB p1=3.60MB (0.4s)
[296/630] competing  BLEST             seed=26 FCT=  6.934s FCT95=  6.514s done=1 p0=3.93MB p1=1.63MB (0.3s)
[297/630] competing  BLEST             seed=27 FCT=  4.344s FCT95=  4.127s done=1 p0=1.51MB p1=4.04MB (0.4s)
[298/630] competing  BLEST             seed=28 FCT=  6.695s FCT95=  6.283s done=1 p0=3.98MB p1=1.58MB (0.3s)
[299/630] competing  BLEST             seed=29 FCT=  6.896s FCT95=  6.471s done=1 p0=3.90MB p1=1.66MB (0.3s)
[300/630] competing  BLEST             seed=30 FCT= 18.660s FCT95= 18.116s done=1 p0=1.03MB p1=4.56MB (0.3s)
[301/630] competing  ECF               seed= 1 FCT=  5.351s FCT95=  4.915s done=1 p0=3.12MB p1=2.43MB (0.4s)
[302/630] competing  ECF               seed= 2 FCT=  4.121s FCT95=  3.945s done=1 p0=1.75MB p1=3.80MB (0.5s)
[303/630] competing  ECF               seed= 3 FCT=  7.058s FCT95=  6.629s done=1 p0=4.18MB p1=1.38MB (0.3s)
[304/630] competing  ECF               seed= 4 FCT=  6.522s FCT95=  6.087s done=1 p0=3.89MB p1=1.67MB (0.3s)
[305/630] competing  ECF               seed= 5 FCT=  4.314s FCT95=  4.037s done=1 p0=1.30MB p1=4.25MB (0.4s)
[306/630] competing  ECF               seed= 6 FCT=  6.082s FCT95=  5.816s done=1 p0=3.65MB p1=1.91MB (0.3s)
[307/630] competing  ECF               seed= 7 FCT=  4.038s FCT95=  3.822s done=1 p0=1.66MB p1=3.89MB (0.4s)
[308/630] competing  ECF               seed= 8 FCT=  6.968s FCT95=  6.738s done=1 p0=3.98MB p1=1.58MB (0.3s)
[309/630] competing  ECF               seed= 9 FCT=  7.088s FCT95=  6.660s done=1 p0=4.10MB p1=1.46MB (0.3s)
[310/630] competing  ECF               seed=10 FCT=  6.140s FCT95=  5.722s done=1 p0=3.46MB p1=2.09MB (0.3s)
[311/630] competing  ECF               seed=11 FCT=  7.011s FCT95=  6.582s done=1 p0=4.24MB p1=1.32MB (0.3s)
[312/630] competing  ECF               seed=12 FCT=  4.122s FCT95=  3.847s done=1 p0=2.08MB p1=3.47MB (0.4s)
[313/630] competing  ECF               seed=13 FCT=  7.007s FCT95=  6.785s done=1 p0=4.25MB p1=1.31MB (0.3s)
[314/630] competing  ECF               seed=14 FCT=  4.319s FCT95=  3.997s done=1 p0=1.76MB p1=3.80MB (0.4s)
[315/630] competing  ECF               seed=15 FCT=  7.018s FCT95=  6.598s done=1 p0=4.01MB p1=1.55MB (0.3s)
[316/630] competing  ECF               seed=16 FCT=  6.863s FCT95=  6.437s done=1 p0=3.92MB p1=1.64MB (0.3s)
[317/630] competing  ECF               seed=17 FCT=  7.114s FCT95=  6.691s done=1 p0=4.09MB p1=1.46MB (0.3s)
[318/630] competing  ECF               seed=18 FCT=  7.519s FCT95=  7.093s done=1 p0=4.63MB p1=0.94MB (0.3s)
[319/630] competing  ECF               seed=19 FCT=  7.493s FCT95=  7.283s done=1 p0=4.49MB p1=1.07MB (0.3s)
[320/630] competing  ECF               seed=20 FCT=  5.244s FCT95=  4.935s done=1 p0=3.12MB p1=2.43MB (0.5s)
[321/630] competing  ECF               seed=21 FCT=  5.785s FCT95=  5.357s done=1 p0=3.47MB p1=2.08MB (0.6s)
[322/630] competing  ECF               seed=22 FCT=  7.268s FCT95=  6.851s done=1 p0=4.46MB p1=1.10MB (0.3s)
[323/630] competing  ECF               seed=23 FCT=  5.787s FCT95=  5.369s done=1 p0=2.65MB p1=2.91MB (0.7s)
[324/630] competing  ECF               seed=24 FCT=  6.590s FCT95=  6.172s done=1 p0=4.01MB p1=1.55MB (0.3s)
[325/630] competing  ECF               seed=25 FCT=  4.558s FCT95=  4.199s done=1 p0=1.29MB p1=4.27MB (1.1s)
[326/630] competing  ECF               seed=26 FCT=  6.632s FCT95=  6.214s done=1 p0=4.03MB p1=1.52MB (0.3s)
[327/630] competing  ECF               seed=27 FCT=  5.762s FCT95=  5.327s done=1 p0=3.53MB p1=2.02MB (0.3s)
[328/630] competing  ECF               seed=28 FCT=  6.971s FCT95=  6.543s done=1 p0=4.23MB p1=1.32MB (1.6s)
[329/630] competing  ECF               seed=29 FCT=  6.977s FCT95=  6.559s done=1 p0=4.17MB p1=1.39MB (0.3s)
[330/630] competing  ECF               seed=30 FCT=  8.099s FCT95=  7.681s done=1 p0=5.00MB p1=0.56MB (0.3s)
[331/630] competing  Peekaboo          seed= 1 FCT=  4.141s FCT95=  3.934s done=1 p0=1.44MB p1=4.11MB (0.4s)
[332/630] competing  Peekaboo          seed= 2 FCT=  6.642s FCT95=  6.216s done=1 p0=3.72MB p1=1.84MB (0.3s)
[333/630] competing  Peekaboo          seed= 3 FCT=  5.771s FCT95=  5.340s done=1 p0=3.41MB p1=2.15MB (0.5s)
[334/630] competing  Peekaboo          seed= 4 FCT=  7.661s FCT95=  7.240s done=1 p0=4.40MB p1=1.16MB (0.3s)
[335/630] competing  Peekaboo          seed= 5 FCT=  6.027s FCT95=  5.603s done=1 p0=3.73MB p1=1.83MB (0.3s)
[336/630] competing  Peekaboo          seed= 6 FCT=  7.297s FCT95=  6.879s done=1 p0=4.40MB p1=1.16MB (0.3s)
[337/630] competing  Peekaboo          seed= 7 FCT=  4.142s FCT95=  3.932s done=1 p0=1.56MB p1=3.99MB (0.4s)
[338/630] competing  Peekaboo          seed= 8 FCT=  4.963s FCT95=  4.603s done=1 p0=1.70MB p1=3.85MB (0.3s)
[339/630] competing  Peekaboo          seed= 9 FCT=  7.210s FCT95=  6.780s done=1 p0=4.44MB p1=1.11MB (0.3s)
[340/630] competing  Peekaboo          seed=10 FCT=  7.826s FCT95=  7.398s done=1 p0=4.80MB p1=0.76MB (0.3s)
[341/630] competing  Peekaboo          seed=11 FCT=  7.835s FCT95=  7.412s done=1 p0=4.69MB p1=0.87MB (0.3s)
[342/630] competing  Peekaboo          seed=12 FCT=  5.687s FCT95=  5.254s done=1 p0=3.43MB p1=2.12MB (0.4s)
[343/630] competing  Peekaboo          seed=13 FCT=  8.445s FCT95=  8.020s done=1 p0=5.28MB p1=0.29MB (0.3s)
[344/630] competing  Peekaboo          seed=14 FCT=  4.657s FCT95=  4.237s done=1 p0=1.83MB p1=3.72MB (0.3s)
[345/630] competing  Peekaboo          seed=15 FCT=  7.779s FCT95=  7.341s done=1 p0=4.67MB p1=0.89MB (0.3s)
[346/630] competing  Peekaboo          seed=16 FCT=  5.943s FCT95=  5.526s done=1 p0=3.53MB p1=2.03MB (0.4s)
[347/630] competing  Peekaboo          seed=17 FCT=  7.681s FCT95=  7.262s done=1 p0=4.71MB p1=0.85MB (0.3s)
[348/630] competing  Peekaboo          seed=18 FCT=  8.182s FCT95=  7.761s done=1 p0=5.02MB p1=0.54MB (0.3s)
[349/630] competing  Peekaboo          seed=19 FCT=  6.916s FCT95=  6.500s done=1 p0=4.18MB p1=1.38MB (0.3s)
[350/630] competing  Peekaboo          seed=20 FCT=  5.510s FCT95=  5.087s done=1 p0=3.14MB p1=2.41MB (0.5s)
[351/630] competing  Peekaboo          seed=21 FCT=  5.755s FCT95=  5.420s done=1 p0=1.58MB p1=3.97MB (0.4s)
[352/630] competing  Peekaboo          seed=22 FCT=  8.226s FCT95=  7.800s done=1 p0=5.06MB p1=0.50MB (0.3s)
[353/630] competing  Peekaboo          seed=23 FCT=  4.332s FCT95=  4.124s done=1 p0=1.35MB p1=4.20MB (0.4s)
[354/630] competing  Peekaboo          seed=24 FCT=  7.859s FCT95=  7.435s done=1 p0=4.78MB p1=0.78MB (0.3s)
[355/630] competing  Peekaboo          seed=25 FCT=  4.618s FCT95=  4.255s done=1 p0=1.64MB p1=3.92MB (0.4s)
[356/630] competing  Peekaboo          seed=26 FCT=  7.223s FCT95=  6.799s done=1 p0=4.13MB p1=1.43MB (0.3s)
[357/630] competing  Peekaboo          seed=27 FCT=  5.808s FCT95=  5.371s done=1 p0=3.48MB p1=2.08MB (0.5s)
[358/630] competing  Peekaboo          seed=28 FCT=  7.216s FCT95=  6.782s done=1 p0=4.31MB p1=1.25MB (0.3s)
[359/630] competing  Peekaboo          seed=29 FCT=  6.896s FCT95=  6.471s done=1 p0=3.90MB p1=1.66MB (0.3s)
[360/630] competing  Peekaboo          seed=30 FCT= 18.660s FCT95= 18.116s done=1 p0=1.03MB p1=4.56MB (0.3s)
[361/630] competing  EAT(new)          seed= 1 FCT=  3.442s FCT95=  3.302s done=1 p0=2.18MB p1=3.37MB (0.3s)
[362/630] competing  EAT(new)          seed= 2 FCT= 60.000s FCT95=  3.305s done=0 p0=2.23MB p1=3.32MB (0.3s)
[363/630] competing  EAT(new)          seed= 3 FCT=  3.426s FCT95=  3.286s done=1 p0=2.18MB p1=3.37MB (0.3s)
[364/630] competing  EAT(new)          seed= 4 FCT=  3.468s FCT95=  3.267s done=1 p0=2.20MB p1=3.35MB (0.3s)
[365/630] competing  EAT(new)          seed= 5 FCT= 60.000s FCT95=  3.274s done=0 p0=2.16MB p1=3.40MB (0.3s)
[366/630] competing  EAT(new)          seed= 6 FCT= 60.000s FCT95=  3.598s done=0 p0=2.37MB p1=3.18MB (0.3s)
[367/630] competing  EAT(new)          seed= 7 FCT= 60.000s FCT95=  3.396s done=0 p0=2.31MB p1=3.24MB (0.3s)
[368/630] competing  EAT(new)          seed= 8 FCT= 60.000s FCT95=  3.392s done=0 p0=2.27MB p1=3.28MB (0.3s)
[369/630] competing  EAT(new)          seed= 9 FCT=  3.383s FCT95=  3.220s done=1 p0=2.16MB p1=3.39MB (0.3s)
[370/630] competing  EAT(new)          seed=10 FCT= 60.000s FCT95=  3.404s done=0 p0=2.29MB p1=3.26MB (0.4s)
[371/630] competing  EAT(new)          seed=11 FCT= 60.000s FCT95=  3.389s done=0 p0=2.22MB p1=3.33MB (0.3s)
[372/630] competing  EAT(new)          seed=12 FCT= 60.000s FCT95=  3.287s done=0 p0=2.16MB p1=3.39MB (0.3s)
[373/630] competing  EAT(new)          seed=13 FCT=  3.402s FCT95=  3.267s done=1 p0=2.17MB p1=3.38MB (0.3s)
[374/630] competing  EAT(new)          seed=14 FCT=  3.391s FCT95=  3.238s done=1 p0=2.15MB p1=3.40MB (0.3s)
[375/630] competing  EAT(new)          seed=15 FCT= 60.000s FCT95=  3.533s done=0 p0=2.34MB p1=3.21MB (0.3s)
[376/630] competing  EAT(new)          seed=16 FCT= 60.000s FCT95=  3.912s done=0 p0=2.65MB p1=2.91MB (0.3s)
[377/630] competing  EAT(new)          seed=17 FCT= 60.000s FCT95=  3.256s done=0 p0=2.15MB p1=3.40MB (0.3s)
[378/630] competing  EAT(new)          seed=18 FCT= 60.000s FCT95=  3.281s done=0 p0=2.15MB p1=3.40MB (0.3s)
[379/630] competing  EAT(new)          seed=19 FCT= 60.000s FCT95=  3.650s done=0 p0=2.44MB p1=3.12MB (0.2s)
[380/630] competing  EAT(new)          seed=20 FCT=  3.416s FCT95=  3.253s done=1 p0=2.18MB p1=3.37MB (0.3s)
[381/630] competing  EAT(new)          seed=21 FCT= 60.000s FCT95=  3.618s done=0 p0=2.45MB p1=3.10MB (0.3s)
[382/630] competing  EAT(new)          seed=22 FCT= 60.000s FCT95=  3.610s done=0 p0=2.42MB p1=3.14MB (0.2s)
[383/630] competing  EAT(new)          seed=23 FCT= 60.000s FCT95=  3.485s done=0 p0=2.32MB p1=3.23MB (0.3s)
[384/630] competing  EAT(new)          seed=24 FCT=  3.399s FCT95=  3.237s done=1 p0=2.16MB p1=3.39MB (0.3s)
[385/630] competing  EAT(new)          seed=25 FCT=  3.393s FCT95=  3.238s done=1 p0=2.15MB p1=3.40MB (0.3s)
[386/630] competing  EAT(new)          seed=26 FCT= 60.000s FCT95=  3.281s done=0 p0=2.16MB p1=3.39MB (0.3s)
[387/630] competing  EAT(new)          seed=27 FCT=  3.406s FCT95=  3.244s done=1 p0=2.17MB p1=3.38MB (0.3s)
[388/630] competing  EAT(new)          seed=28 FCT=  3.593s FCT95=  3.374s done=1 p0=2.28MB p1=3.27MB (0.3s)
[389/630] competing  EAT(new)          seed=29 FCT=  3.371s FCT95=  3.216s done=1 p0=2.13MB p1=3.41MB (0.3s)
[390/630] competing  EAT(new)          seed=30 FCT=  3.459s FCT95=  3.289s done=1 p0=2.17MB p1=3.38MB (0.3s)
[391/630] competing  MinRTT-multi(new) seed= 1 FCT=  3.451s FCT95=  3.302s done=1 p0=2.19MB p1=3.36MB (0.3s)
[392/630] competing  MinRTT-multi(new) seed= 2 FCT= 60.000s FCT95=  3.305s done=0 p0=2.22MB p1=3.33MB (0.3s)
[393/630] competing  MinRTT-multi(new) seed= 3 FCT=  3.436s FCT95=  3.286s done=1 p0=2.18MB p1=3.36MB (0.3s)
[394/630] competing  MinRTT-multi(new) seed= 4 FCT=  3.448s FCT95=  3.231s done=1 p0=2.19MB p1=3.36MB (0.3s)
[395/630] competing  MinRTT-multi(new) seed= 5 FCT= 60.000s FCT95=  3.274s done=0 p0=2.15MB p1=3.41MB (0.3s)
[396/630] competing  MinRTT-multi(new) seed= 6 FCT= 60.000s FCT95=  3.598s done=0 p0=2.37MB p1=3.18MB (0.3s)
[397/630] competing  MinRTT-multi(new) seed= 7 FCT= 60.000s FCT95=  3.396s done=0 p0=2.30MB p1=3.25MB (0.3s)
[398/630] competing  MinRTT-multi(new) seed= 8 FCT= 60.000s FCT95=  3.392s done=0 p0=2.28MB p1=3.27MB (0.3s)
[399/630] competing  MinRTT-multi(new) seed= 9 FCT=  3.368s FCT95=  3.220s done=1 p0=2.15MB p1=3.40MB (0.3s)
[400/630] competing  MinRTT-multi(new) seed=10 FCT= 60.000s FCT95=  3.404s done=0 p0=2.29MB p1=3.27MB (0.4s)
[401/630] competing  MinRTT-multi(new) seed=11 FCT= 60.000s FCT95=  3.353s done=0 p0=2.22MB p1=3.33MB (0.3s)
[402/630] competing  MinRTT-multi(new) seed=12 FCT= 60.000s FCT95=  3.287s done=0 p0=2.15MB p1=3.40MB (0.3s)
[403/630] competing  MinRTT-multi(new) seed=13 FCT=  3.407s FCT95=  3.267s done=1 p0=2.17MB p1=3.38MB (0.3s)
[404/630] competing  MinRTT-multi(new) seed=14 FCT=  3.377s FCT95=  3.238s done=1 p0=2.14MB p1=3.41MB (0.3s)
[405/630] competing  MinRTT-multi(new) seed=15 FCT= 60.000s FCT95=  3.503s done=0 p0=2.33MB p1=3.22MB (0.3s)
[406/630] competing  MinRTT-multi(new) seed=16 FCT= 60.000s FCT95=  3.912s done=0 p0=2.65MB p1=2.91MB (0.3s)
[407/630] competing  MinRTT-multi(new) seed=17 FCT= 60.000s FCT95=  3.256s done=0 p0=2.14MB p1=3.41MB (0.3s)
[408/630] competing  MinRTT-multi(new) seed=18 FCT= 60.000s FCT95=  3.282s done=0 p0=2.14MB p1=3.41MB (0.3s)
[409/630] competing  MinRTT-multi(new) seed=19 FCT= 60.000s FCT95=  3.650s done=0 p0=2.44MB p1=3.12MB (0.2s)
[410/630] competing  MinRTT-multi(new) seed=20 FCT=  3.399s FCT95=  3.253s done=1 p0=2.17MB p1=3.38MB (0.3s)
[411/630] competing  MinRTT-multi(new) seed=21 FCT= 60.000s FCT95=  3.618s done=0 p0=2.44MB p1=3.11MB (0.3s)
[412/630] competing  MinRTT-multi(new) seed=22 FCT= 60.000s FCT95=  3.575s done=0 p0=2.41MB p1=3.15MB (0.3s)
[413/630] competing  MinRTT-multi(new) seed=23 FCT= 60.000s FCT95=  3.485s done=0 p0=2.33MB p1=3.23MB (0.3s)
[414/630] competing  MinRTT-multi(new) seed=24 FCT=  3.383s FCT95=  3.241s done=1 p0=2.14MB p1=3.40MB (0.3s)
[415/630] competing  MinRTT-multi(new) seed=25 FCT=  3.381s FCT95=  3.238s done=1 p0=2.14MB p1=3.41MB (0.3s)
[416/630] competing  MinRTT-multi(new) seed=26 FCT= 60.000s FCT95=  3.281s done=0 p0=2.17MB p1=3.38MB (0.3s)
[417/630] competing  MinRTT-multi(new) seed=27 FCT=  3.391s FCT95=  3.244s done=1 p0=2.15MB p1=3.39MB (0.3s)
[418/630] competing  MinRTT-multi(new) seed=28 FCT=  3.579s FCT95=  3.374s done=1 p0=2.27MB p1=3.28MB (0.3s)
[419/630] competing  MinRTT-multi(new) seed=29 FCT=  3.361s FCT95=  3.216s done=1 p0=2.13MB p1=3.42MB (0.3s)
[420/630] competing  MinRTT-multi(new) seed=30 FCT=  3.459s FCT95=  3.289s done=1 p0=2.17MB p1=3.38MB (0.3s)
[421/630] degrade    RR                seed= 1 FCT=  7.146s FCT95=  6.743s done=1 p0=3.38MB p1=2.18MB (0.3s)
[422/630] degrade    RR                seed= 2 FCT=  6.314s FCT95=  5.962s done=1 p0=3.44MB p1=2.11MB (0.5s)
[423/630] degrade    RR                seed= 3 FCT=  6.340s FCT95=  5.987s done=1 p0=3.47MB p1=2.08MB (0.3s)
[424/630] degrade    RR                seed= 4 FCT=  6.390s FCT95=  6.037s done=1 p0=3.46MB p1=2.10MB (0.3s)
[425/630] degrade    RR                seed= 5 FCT=  6.340s FCT95=  5.987s done=1 p0=3.46MB p1=2.09MB (0.3s)
[426/630] degrade    RR                seed= 6 FCT=  6.339s FCT95=  5.974s done=1 p0=3.47MB p1=2.09MB (0.3s)
[427/630] degrade    RR                seed= 7 FCT=  6.378s FCT95=  6.025s done=1 p0=3.46MB p1=2.10MB (0.3s)
[428/630] degrade    RR                seed= 8 FCT=  6.415s FCT95=  6.038s done=1 p0=3.48MB p1=2.08MB (0.3s)
[429/630] degrade    RR                seed= 9 FCT=  6.352s FCT95=  5.999s done=1 p0=3.48MB p1=2.07MB (0.3s)
[430/630] degrade    RR                seed=10 FCT=  6.302s FCT95=  5.949s done=1 p0=3.45MB p1=2.10MB (0.3s)
[431/630] degrade    RR                seed=11 FCT=  6.462s FCT95=  6.111s done=1 p0=3.46MB p1=2.09MB (0.3s)
[432/630] degrade    RR                seed=12 FCT=  6.365s FCT95=  6.013s done=1 p0=3.45MB p1=2.10MB (0.3s)
[433/630] degrade    RR                seed=13 FCT=  6.415s FCT95=  6.063s done=1 p0=3.46MB p1=2.10MB (0.3s)
[434/630] degrade    RR                seed=14 FCT=  6.377s FCT95=  6.025s done=1 p0=3.47MB p1=2.09MB (0.3s)
[435/630] degrade    RR                seed=15 FCT=  6.463s FCT95=  6.124s done=1 p0=3.47MB p1=2.09MB (0.3s)
[436/630] degrade    RR                seed=16 FCT=  6.414s FCT95=  6.062s done=1 p0=3.48MB p1=2.08MB (0.3s)
[437/630] degrade    RR                seed=17 FCT=  6.352s FCT95=  5.999s done=1 p0=3.47MB p1=2.09MB (0.3s)
[438/630] degrade    RR                seed=18 FCT=  6.426s FCT95=  6.074s done=1 p0=3.50MB p1=2.06MB (0.3s)
[439/630] degrade    RR                seed=19 FCT=  6.327s FCT95=  5.962s done=1 p0=3.46MB p1=2.09MB (0.3s)
[440/630] degrade    RR                seed=20 FCT=  6.226s FCT95=  5.874s done=1 p0=3.46MB p1=2.10MB (0.3s)
[441/630] degrade    RR                seed=21 FCT=  6.404s FCT95=  6.039s done=1 p0=3.46MB p1=2.10MB (0.3s)
[442/630] degrade    RR                seed=22 FCT=  6.390s FCT95=  6.025s done=1 p0=3.45MB p1=2.11MB (0.3s)
[443/630] degrade    RR                seed=23 FCT=  6.329s FCT95=  5.989s done=1 p0=3.46MB p1=2.09MB (0.3s)
[444/630] degrade    RR                seed=24 FCT=  6.125s FCT95=  5.747s done=1 p0=3.48MB p1=2.08MB (0.5s)
[445/630] degrade    RR                seed=25 FCT=  6.402s FCT95=  6.049s done=1 p0=3.45MB p1=2.11MB (0.3s)
[446/630] degrade    RR                seed=26 FCT=  6.364s FCT95=  6.011s done=1 p0=3.48MB p1=2.08MB (0.3s)
[447/630] degrade    RR                seed=27 FCT=  6.414s FCT95=  6.037s done=1 p0=3.45MB p1=2.11MB (0.3s)
[448/630] degrade    RR                seed=28 FCT=  6.375s FCT95=  6.035s done=1 p0=3.45MB p1=2.10MB (0.3s)
[449/630] degrade    RR                seed=29 FCT=  6.352s FCT95=  5.974s done=1 p0=3.46MB p1=2.09MB (0.3s)
[450/630] degrade    RR                seed=30 FCT=  6.441s FCT95=  6.088s done=1 p0=3.46MB p1=2.10MB (0.3s)
[451/630] degrade    MinRTT            seed= 1 FCT=  7.327s FCT95=  6.892s done=1 p0=4.30MB p1=1.26MB (0.3s)
[452/630] degrade    MinRTT            seed= 2 FCT=  6.882s FCT95=  6.549s done=1 p0=3.80MB p1=1.76MB (0.4s)
[453/630] degrade    MinRTT            seed= 3 FCT=  6.569s FCT95=  6.133s done=1 p0=3.82MB p1=1.74MB (0.3s)
[454/630] degrade    MinRTT            seed= 4 FCT=  7.118s FCT95=  6.696s done=1 p0=4.22MB p1=1.33MB (0.3s)
[455/630] degrade    MinRTT            seed= 5 FCT=  6.847s FCT95=  6.773s done=1 p0=3.95MB p1=1.60MB (0.4s)
[456/630] degrade    MinRTT            seed= 6 FCT=  6.826s FCT95=  6.401s done=1 p0=3.62MB p1=1.93MB (0.3s)
[457/630] degrade    MinRTT            seed= 7 FCT=  9.105s FCT95=  8.535s done=1 p0=4.04MB p1=1.52MB (0.3s)
[458/630] degrade    MinRTT            seed= 8 FCT=  7.081s FCT95=  6.658s done=1 p0=4.10MB p1=1.46MB (0.4s)
[459/630] degrade    MinRTT            seed= 9 FCT=  7.348s FCT95=  6.925s done=1 p0=4.20MB p1=1.36MB (0.3s)
[460/630] degrade    MinRTT            seed=10 FCT=  6.507s FCT95=  6.425s done=1 p0=3.76MB p1=1.80MB (0.3s)
[461/630] degrade    MinRTT            seed=11 FCT=  7.037s FCT95=  6.609s done=1 p0=3.72MB p1=1.83MB (0.3s)
[462/630] degrade    MinRTT            seed=12 FCT=  7.044s FCT95=  6.616s done=1 p0=3.89MB p1=1.67MB (0.3s)
[463/630] degrade    MinRTT            seed=13 FCT=  7.148s FCT95=  6.726s done=1 p0=4.20MB p1=1.36MB (0.4s)
[464/630] degrade    MinRTT            seed=14 FCT=  7.118s FCT95=  6.696s done=1 p0=4.16MB p1=1.40MB (0.3s)
[465/630] degrade    MinRTT            seed=15 FCT=  7.204s FCT95=  6.784s done=1 p0=4.09MB p1=1.47MB (0.3s)
[466/630] degrade    MinRTT            seed=16 FCT=  6.676s FCT95=  6.248s done=1 p0=3.92MB p1=1.64MB (0.3s)
[467/630] degrade    MinRTT            seed=17 FCT=  7.358s FCT95=  7.024s done=1 p0=4.07MB p1=1.48MB (0.4s)
[468/630] degrade    MinRTT            seed=18 FCT=  7.204s FCT95=  7.074s done=1 p0=4.02MB p1=1.54MB (0.4s)
[469/630] degrade    MinRTT            seed=19 FCT=  6.669s FCT95=  6.243s done=1 p0=3.92MB p1=1.64MB (0.4s)
[470/630] degrade    MinRTT            seed=20 FCT=  6.553s FCT95=  6.131s done=1 p0=3.80MB p1=1.76MB (0.3s)
[471/630] degrade    MinRTT            seed=21 FCT=  6.925s FCT95=  6.503s done=1 p0=4.10MB p1=1.45MB (0.4s)
[472/630] degrade    MinRTT            seed=22 FCT=  6.696s FCT95=  6.264s done=1 p0=3.93MB p1=1.62MB (0.3s)
[473/630] degrade    MinRTT            seed=23 FCT=  7.063s FCT95=  6.631s done=1 p0=4.17MB p1=1.39MB (0.3s)
[474/630] degrade    MinRTT            seed=24 FCT=  6.618s FCT95=  6.201s done=1 p0=3.81MB p1=1.74MB (0.3s)
[475/630] degrade    MinRTT            seed=25 FCT=  7.048s FCT95=  6.610s done=1 p0=4.20MB p1=1.36MB (0.3s)
[476/630] degrade    MinRTT            seed=26 FCT=  6.406s FCT95=  6.058s done=1 p0=3.74MB p1=1.81MB (0.3s)
[477/630] degrade    MinRTT            seed=27 FCT=  7.220s FCT95=  6.796s done=1 p0=4.10MB p1=1.45MB (0.3s)
[478/630] degrade    MinRTT            seed=28 FCT=  7.070s FCT95=  6.261s done=1 p0=3.82MB p1=1.74MB (0.4s)
[479/630] degrade    MinRTT            seed=29 FCT=  6.627s FCT95=  6.198s done=1 p0=3.67MB p1=1.88MB (0.3s)
[480/630] degrade    MinRTT            seed=30 FCT=  6.642s FCT95=  6.215s done=1 p0=3.81MB p1=1.74MB (0.3s)
[481/630] degrade    BLEST             seed= 1 FCT=  7.651s FCT95=  7.229s done=1 p0=4.43MB p1=1.13MB (0.3s)
[482/630] degrade    BLEST             seed= 2 FCT=  7.141s FCT95=  6.714s done=1 p0=3.79MB p1=1.76MB (0.3s)
[483/630] degrade    BLEST             seed= 3 FCT=  7.191s FCT95=  6.759s done=1 p0=3.82MB p1=1.74MB (0.3s)
[484/630] degrade    BLEST             seed= 4 FCT=  7.272s FCT95=  6.845s done=1 p0=3.98MB p1=1.58MB (0.3s)
[485/630] degrade    BLEST             seed= 5 FCT=  7.148s FCT95=  6.726s done=1 p0=3.80MB p1=1.75MB (0.3s)
[486/630] degrade    BLEST             seed= 6 FCT=  7.170s FCT95=  6.742s done=1 p0=3.86MB p1=1.70MB (0.4s)
[487/630] degrade    BLEST             seed= 7 FCT=  7.630s FCT95=  7.198s done=1 p0=4.37MB p1=1.19MB (0.3s)
[488/630] degrade    BLEST             seed= 8 FCT=  7.214s FCT95=  6.789s done=1 p0=3.84MB p1=1.72MB (0.3s)
[489/630] degrade    BLEST             seed= 9 FCT=  7.643s FCT95=  7.213s done=1 p0=4.40MB p1=1.16MB (0.3s)
[490/630] degrade    BLEST             seed=10 FCT=  7.662s FCT95=  7.232s done=1 p0=4.36MB p1=1.20MB (0.3s)
[491/630] degrade    BLEST             seed=11 FCT=  7.202s FCT95=  6.774s done=1 p0=3.83MB p1=1.73MB (0.3s)
[492/630] degrade    BLEST             seed=12 FCT=  7.783s FCT95=  7.365s done=1 p0=4.41MB p1=1.16MB (0.3s)
[493/630] degrade    BLEST             seed=13 FCT=  7.523s FCT95=  7.090s done=1 p0=4.37MB p1=1.19MB (0.3s)
[494/630] degrade    BLEST             seed=14 FCT=  7.101s FCT95=  6.679s done=1 p0=3.86MB p1=1.69MB (0.4s)
[495/630] degrade    BLEST             seed=15 FCT=  8.414s FCT95=  7.976s done=1 p0=4.38MB p1=1.18MB (0.4s)
[496/630] degrade    BLEST             seed=16 FCT=  7.167s FCT95=  6.749s done=1 p0=3.84MB p1=1.72MB (0.3s)
[497/630] degrade    BLEST             seed=17 FCT=  7.542s FCT95=  7.117s done=1 p0=4.34MB p1=1.21MB (0.3s)
[498/630] degrade    BLEST             seed=18 FCT=  7.238s FCT95=  6.809s done=1 p0=3.90MB p1=1.66MB (0.3s)
[499/630] degrade    BLEST             seed=19 FCT=  7.120s FCT95=  6.696s done=1 p0=3.82MB p1=1.74MB (0.3s)
[500/630] degrade    BLEST             seed=20 FCT=  6.915s FCT95=  6.480s done=1 p0=3.69MB p1=1.86MB (0.3s)
[501/630] degrade    BLEST             seed=21 FCT=  7.442s FCT95=  7.017s done=1 p0=4.31MB p1=1.25MB (0.3s)
[502/630] degrade    BLEST             seed=22 FCT=  7.752s FCT95=  7.326s done=1 p0=4.39MB p1=1.17MB (0.3s)
[503/630] degrade    BLEST             seed=23 FCT=  7.808s FCT95=  7.380s done=1 p0=4.42MB p1=1.14MB (0.3s)
[504/630] degrade    BLEST             seed=24 FCT=  7.168s FCT95=  6.739s done=1 p0=3.81MB p1=1.75MB (0.3s)
[505/630] degrade    BLEST             seed=25 FCT=  7.829s FCT95=  7.400s done=1 p0=4.34MB p1=1.22MB (0.3s)
[506/630] degrade    BLEST             seed=26 FCT=  7.182s FCT95=  6.755s done=1 p0=3.84MB p1=1.72MB (0.3s)
[507/630] degrade    BLEST             seed=27 FCT=  7.166s FCT95=  6.742s done=1 p0=3.82MB p1=1.74MB (0.3s)
[508/630] degrade    BLEST             seed=28 FCT=  7.765s FCT95=  7.336s done=1 p0=4.35MB p1=1.22MB (0.3s)
[509/630] degrade    BLEST             seed=29 FCT=  7.136s FCT95=  6.716s done=1 p0=3.81MB p1=1.75MB (0.3s)
[510/630] degrade    BLEST             seed=30 FCT=  7.740s FCT95=  7.304s done=1 p0=4.39MB p1=1.17MB (0.3s)
[511/630] degrade    ECF               seed= 1 FCT=  6.549s FCT95=  6.123s done=1 p0=3.87MB p1=1.68MB (0.3s)
[512/630] degrade    ECF               seed= 2 FCT=  6.155s FCT95=  5.723s done=1 p0=3.63MB p1=1.92MB (0.3s)
[513/630] degrade    ECF               seed= 3 FCT=  6.577s FCT95=  6.141s done=1 p0=3.86MB p1=1.69MB (0.3s)
[514/630] degrade    ECF               seed= 4 FCT=  7.322s FCT95=  6.897s done=1 p0=4.15MB p1=1.41MB (0.3s)
[515/630] degrade    ECF               seed= 5 FCT=  7.337s FCT95=  6.910s done=1 p0=4.17MB p1=1.39MB (0.4s)
[516/630] degrade    ECF               seed= 6 FCT=  6.688s FCT95=  6.264s done=1 p0=3.92MB p1=1.63MB (0.4s)
[517/630] degrade    ECF               seed= 7 FCT=  6.857s FCT95=  6.492s done=1 p0=4.07MB p1=1.49MB (0.3s)
[518/630] degrade    ECF               seed= 8 FCT=  6.909s FCT95=  6.548s done=1 p0=3.97MB p1=1.58MB (0.4s)
[519/630] degrade    ECF               seed= 9 FCT=  6.495s FCT95=  6.064s done=1 p0=3.84MB p1=1.71MB (0.3s)
[520/630] degrade    ECF               seed=10 FCT=  7.511s FCT95=  7.078s done=1 p0=4.38MB p1=1.18MB (0.3s)
[521/630] degrade    ECF               seed=11 FCT=  6.932s FCT95=  6.506s done=1 p0=4.09MB p1=1.47MB (0.4s)
[522/630] degrade    ECF               seed=12 FCT=  6.765s FCT95=  6.539s done=1 p0=3.78MB p1=1.78MB (0.4s)
[523/630] degrade    ECF               seed=13 FCT=  6.987s FCT95=  6.561s done=1 p0=4.08MB p1=1.48MB (0.3s)
[524/630] degrade    ECF               seed=14 FCT=  6.846s FCT95=  6.846s done=1 p0=3.84MB p1=1.72MB (0.3s)
[525/630] degrade    ECF               seed=15 FCT=  7.343s FCT95=  6.924s done=1 p0=4.17MB p1=1.38MB (0.3s)
[526/630] degrade    ECF               seed=16 FCT=  6.669s FCT95=  6.241s done=1 p0=3.92MB p1=1.63MB (0.3s)
[527/630] degrade    ECF               seed=17 FCT=  7.105s FCT95=  6.683s done=1 p0=4.13MB p1=1.43MB (0.3s)
[528/630] degrade    ECF               seed=18 FCT=  7.114s FCT95=  6.686s done=1 p0=4.03MB p1=1.53MB (0.3s)
[529/630] degrade    ECF               seed=19 FCT=  7.079s FCT95=  6.658s done=1 p0=4.14MB p1=1.42MB (0.3s)
[530/630] degrade    ECF               seed=20 FCT=  6.897s FCT95=  6.462s done=1 p0=4.14MB p1=1.42MB (0.3s)
[531/630] degrade    ECF               seed=21 FCT=  6.565s FCT95=  6.138s done=1 p0=3.83MB p1=1.73MB (0.5s)
[532/630] degrade    ECF               seed=22 FCT=  7.162s FCT95=  6.752s done=1 p0=4.24MB p1=1.31MB (0.4s)
[533/630] degrade    ECF               seed=23 FCT=  7.135s FCT95=  6.707s done=1 p0=4.03MB p1=1.53MB (0.4s)
[534/630] degrade    ECF               seed=24 FCT=  6.522s FCT95=  6.106s done=1 p0=3.78MB p1=1.77MB (0.3s)
[535/630] degrade    ECF               seed=25 FCT=  6.939s FCT95=  6.506s done=1 p0=4.01MB p1=1.55MB (0.4s)
[536/630] degrade    ECF               seed=26 FCT=  6.681s FCT95=  6.263s done=1 p0=3.93MB p1=1.63MB (0.3s)
[537/630] degrade    ECF               seed=27 FCT=  7.040s FCT95=  6.606s done=1 p0=4.08MB p1=1.48MB (0.4s)
[538/630] degrade    ECF               seed=28 FCT=  7.140s FCT95=  6.705s done=1 p0=4.07MB p1=1.48MB (0.4s)
[539/630] degrade    ECF               seed=29 FCT=  6.525s FCT95=  6.311s done=1 p0=3.56MB p1=1.99MB (0.4s)
[540/630] degrade    ECF               seed=30 FCT=  6.843s FCT95=  6.374s done=1 p0=3.60MB p1=1.95MB (0.3s)
[541/630] degrade    Peekaboo          seed= 1 FCT=  7.327s FCT95=  6.892s done=1 p0=4.30MB p1=1.26MB (0.3s)
[542/630] degrade    Peekaboo          seed= 2 FCT=  6.722s FCT95=  6.293s done=1 p0=3.95MB p1=1.61MB (0.4s)
[543/630] degrade    Peekaboo          seed= 3 FCT=  6.798s FCT95=  6.367s done=1 p0=3.97MB p1=1.58MB (0.3s)
[544/630] degrade    Peekaboo          seed= 4 FCT=  7.256s FCT95=  6.827s done=1 p0=4.31MB p1=1.25MB (0.3s)
[545/630] degrade    Peekaboo          seed= 5 FCT=  7.171s FCT95=  6.748s done=1 p0=4.25MB p1=1.31MB (0.3s)
[546/630] degrade    Peekaboo          seed= 6 FCT=  7.130s FCT95=  6.704s done=1 p0=3.82MB p1=1.74MB (0.3s)
[547/630] degrade    Peekaboo          seed= 7 FCT=  7.370s FCT95=  6.954s done=1 p0=4.26MB p1=1.30MB (0.3s)
[548/630] degrade    Peekaboo          seed= 8 FCT=  7.352s FCT95=  6.925s done=1 p0=4.27MB p1=1.29MB (0.3s)
[549/630] degrade    Peekaboo          seed= 9 FCT=  9.408s FCT95=  8.884s done=1 p0=4.28MB p1=1.28MB (0.3s)
[550/630] degrade    Peekaboo          seed=10 FCT=  6.803s FCT95=  6.384s done=1 p0=3.95MB p1=1.61MB (0.3s)
[551/630] degrade    Peekaboo          seed=11 FCT=  7.202s FCT95=  6.774s done=1 p0=3.83MB p1=1.73MB (0.3s)
[552/630] degrade    Peekaboo          seed=12 FCT=  7.314s FCT95=  6.884s done=1 p0=3.99MB p1=1.57MB (0.3s)
[553/630] degrade    Peekaboo          seed=13 FCT=  7.275s FCT95=  6.854s done=1 p0=4.31MB p1=1.25MB (0.4s)
[554/630] degrade    Peekaboo          seed=14 FCT=  7.249s FCT95=  6.826s done=1 p0=4.28MB p1=1.28MB (0.3s)
[555/630] degrade    Peekaboo          seed=15 FCT=  7.466s FCT95=  7.037s done=1 p0=4.26MB p1=1.30MB (0.3s)
[556/630] degrade    Peekaboo          seed=16 FCT=  6.826s FCT95=  6.399s done=1 p0=4.01MB p1=1.54MB (0.3s)
[557/630] degrade    Peekaboo          seed=17 FCT=  7.374s FCT95=  6.950s done=1 p0=4.33MB p1=1.23MB (0.3s)
[558/630] degrade    Peekaboo          seed=18 FCT=  7.483s FCT95=  7.058s done=1 p0=4.20MB p1=1.36MB (0.3s)
[559/630] degrade    Peekaboo          seed=19 FCT=  6.761s FCT95=  6.345s done=1 p0=3.98MB p1=1.58MB (0.4s)
[560/630] degrade    Peekaboo          seed=20 FCT=  6.673s FCT95=  6.248s done=1 p0=3.91MB p1=1.65MB (0.3s)
[561/630] degrade    Peekaboo          seed=21 FCT=  7.136s FCT95=  6.707s done=1 p0=4.24MB p1=1.32MB (0.3s)
[562/630] degrade    Peekaboo          seed=22 FCT=  6.784s FCT95=  6.357s done=1 p0=3.99MB p1=1.56MB (0.3s)
[563/630] degrade    Peekaboo          seed=23 FCT=  7.465s FCT95=  7.043s done=1 p0=4.29MB p1=1.26MB (0.3s)
[564/630] degrade    Peekaboo          seed=24 FCT=  6.767s FCT95=  6.349s done=1 p0=3.92MB p1=1.64MB (0.3s)
[565/630] degrade    Peekaboo          seed=25 FCT=  7.123s FCT95=  6.689s done=1 p0=4.25MB p1=1.31MB (0.3s)
[566/630] degrade    Peekaboo          seed=26 FCT=  6.769s FCT95=  6.355s done=1 p0=3.98MB p1=1.57MB (0.3s)
[567/630] degrade    Peekaboo          seed=27 FCT=  7.297s FCT95=  6.873s done=1 p0=4.26MB p1=1.29MB (0.3s)
[568/630] degrade    Peekaboo          seed=28 FCT=  7.050s FCT95=  6.621s done=1 p0=4.22MB p1=1.34MB (0.3s)
[569/630] degrade    Peekaboo          seed=29 FCT=  6.848s FCT95=  6.419s done=1 p0=3.82MB p1=1.74MB (0.3s)
[570/630] degrade    Peekaboo          seed=30 FCT=  6.888s FCT95=  6.455s done=1 p0=3.97MB p1=1.59MB (0.3s)
[571/630] degrade    EAT(new)          seed= 1 FCT=  6.089s FCT95=  6.001s done=1 p0=3.49MB p1=2.06MB (0.3s)
[572/630] degrade    EAT(new)          seed= 2 FCT=  6.013s FCT95=  5.937s done=1 p0=3.47MB p1=2.08MB (0.3s)
[573/630] degrade    EAT(new)          seed= 3 FCT=  6.793s FCT95=  6.692s done=1 p0=3.41MB p1=2.15MB (0.4s)
[574/630] degrade    EAT(new)          seed= 4 FCT=  6.050s FCT95=  6.000s done=1 p0=3.49MB p1=2.06MB (0.3s)
[575/630] degrade    EAT(new)          seed= 5 FCT=  6.037s FCT95=  5.936s done=1 p0=3.49MB p1=2.07MB (0.4s)
[576/630] degrade    EAT(new)          seed= 6 FCT=  6.063s FCT95=  5.962s done=1 p0=3.49MB p1=2.06MB (0.3s)
[577/630] degrade    EAT(new)          seed= 7 FCT=  5.987s FCT95=  5.937s done=1 p0=3.49MB p1=2.06MB (0.3s)
[578/630] degrade    EAT(new)          seed= 8 FCT=  6.076s FCT95=  5.976s done=1 p0=3.51MB p1=2.05MB (0.3s)
[579/630] degrade    EAT(new)          seed= 9 FCT=  7.537s FCT95=  7.322s done=1 p0=3.33MB p1=2.23MB (0.3s)
[580/630] degrade    EAT(new)          seed=10 FCT=  6.064s FCT95=  6.000s done=1 p0=3.47MB p1=2.08MB (0.3s)
[581/630] degrade    EAT(new)          seed=11 FCT=  6.076s FCT95=  5.976s done=1 p0=3.50MB p1=2.06MB (0.3s)
[582/630] degrade    EAT(new)          seed=12 FCT=  6.063s FCT95=  5.962s done=1 p0=3.48MB p1=2.07MB (0.4s)
[583/630] degrade    EAT(new)          seed=13 FCT=  6.064s FCT95=  6.001s done=1 p0=3.49MB p1=2.06MB (0.3s)
[584/630] degrade    EAT(new)          seed=14 FCT=  6.076s FCT95=  6.038s done=1 p0=3.50MB p1=2.06MB (0.3s)
[585/630] degrade    EAT(new)          seed=15 FCT=  6.076s FCT95=  6.001s done=1 p0=3.50MB p1=2.05MB (0.3s)
[586/630] degrade    EAT(new)          seed=16 FCT=  6.101s FCT95=  6.051s done=1 p0=3.51MB p1=2.05MB (0.3s)
[587/630] degrade    EAT(new)          seed=17 FCT=  6.024s FCT95=  5.949s done=1 p0=3.50MB p1=2.06MB (0.3s)
[588/630] degrade    EAT(new)          seed=18 FCT=  6.127s FCT95=  6.026s done=1 p0=3.53MB p1=2.03MB (0.4s)
[589/630] degrade    EAT(new)          seed=19 FCT=  6.026s FCT95=  5.950s done=1 p0=3.49MB p1=2.07MB (0.4s)
[590/630] degrade    EAT(new)          seed=20 FCT=  5.975s FCT95=  5.899s done=1 p0=3.48MB p1=2.07MB (0.4s)
[591/630] degrade    EAT(new)          seed=21 FCT=  5.942s FCT95=  5.740s done=1 p0=3.50MB p1=2.05MB (0.3s)
[592/630] degrade    EAT(new)          seed=22 FCT=  6.027s FCT95=  5.976s done=1 p0=3.49MB p1=2.07MB (0.3s)
[593/630] degrade    EAT(new)          seed=23 FCT=  6.075s FCT95=  6.000s done=1 p0=3.49MB p1=2.07MB (0.3s)
[594/630] degrade    EAT(new)          seed=24 FCT=  6.026s FCT95=  5.925s done=1 p0=3.48MB p1=2.07MB (0.3s)
[595/630] degrade    EAT(new)          seed=25 FCT=  6.756s FCT95=  6.668s done=1 p0=3.40MB p1=2.16MB (0.3s)
[596/630] degrade    EAT(new)          seed=26 FCT=  6.038s FCT95=  5.975s done=1 p0=3.51MB p1=2.04MB (0.3s)
[597/630] degrade    EAT(new)          seed=27 FCT=  6.012s FCT95=  5.936s done=1 p0=3.49MB p1=2.07MB (0.3s)
[598/630] degrade    EAT(new)          seed=28 FCT=  6.025s FCT95=  6.000s done=1 p0=3.49MB p1=2.07MB (0.3s)
[599/630] degrade    EAT(new)          seed=29 FCT=  6.064s FCT95=  5.975s done=1 p0=3.49MB p1=2.07MB (0.3s)
[600/630] degrade    EAT(new)          seed=30 FCT=  6.063s FCT95=  5.987s done=1 p0=3.50MB p1=2.06MB (0.3s)
[601/630] degrade    MinRTT-multi(new) seed= 1 FCT=  6.390s FCT95=  6.012s done=1 p0=3.46MB p1=2.10MB (0.3s)
[602/630] degrade    MinRTT-multi(new) seed= 2 FCT=  6.290s FCT95=  5.937s done=1 p0=3.44MB p1=2.12MB (0.4s)
[603/630] degrade    MinRTT-multi(new) seed= 3 FCT=  6.315s FCT95=  5.950s done=1 p0=3.47MB p1=2.09MB (0.4s)
[604/630] degrade    MinRTT-multi(new) seed= 4 FCT=  6.378s FCT95=  6.025s done=1 p0=3.45MB p1=2.10MB (0.3s)
[605/630] degrade    MinRTT-multi(new) seed= 5 FCT=  6.314s FCT95=  5.936s done=1 p0=3.46MB p1=2.10MB (0.3s)
[606/630] degrade    MinRTT-multi(new) seed= 6 FCT=  6.365s FCT95=  6.013s done=1 p0=3.46MB p1=2.10MB (0.3s)
[607/630] degrade    MinRTT-multi(new) seed= 7 FCT=  6.289s FCT95=  5.937s done=1 p0=3.46MB p1=2.10MB (0.3s)
[608/630] degrade    MinRTT-multi(new) seed= 8 FCT=  6.379s FCT95=  6.026s done=1 p0=3.47MB p1=2.08MB (0.3s)
[609/630] degrade    MinRTT-multi(new) seed= 9 FCT=  6.290s FCT95=  5.938s done=1 p0=3.48MB p1=2.07MB (0.4s)
[610/630] degrade    MinRTT-multi(new) seed=10 FCT=  6.277s FCT95=  5.925s done=1 p0=3.45MB p1=2.11MB (0.3s)
[611/630] degrade    MinRTT-multi(new) seed=11 FCT=  6.379s FCT95=  6.026s done=1 p0=3.46MB p1=2.10MB (0.3s)
[612/630] degrade    MinRTT-multi(new) seed=12 FCT=  6.315s FCT95=  5.962s done=1 p0=3.45MB p1=2.11MB (0.3s)
[613/630] degrade    MinRTT-multi(new) seed=13 FCT=  6.354s FCT95=  5.976s done=1 p0=3.46MB p1=2.10MB (0.3s)
[614/630] degrade    MinRTT-multi(new) seed=14 FCT=  6.303s FCT95=  5.950s done=1 p0=3.47MB p1=2.09MB (0.4s)
[615/630] degrade    MinRTT-multi(new) seed=15 FCT=  6.354s FCT95=  6.001s done=1 p0=3.47MB p1=2.09MB (0.3s)
[616/630] degrade    MinRTT-multi(new) seed=16 FCT=  6.378s FCT95=  6.039s done=1 p0=3.48MB p1=2.08MB (0.3s)
[617/630] degrade    MinRTT-multi(new) seed=17 FCT=  6.315s FCT95=  5.949s done=1 p0=3.46MB p1=2.09MB (0.3s)
[618/630] degrade    MinRTT-multi(new) seed=18 FCT=  6.429s FCT95=  6.064s done=1 p0=3.49MB p1=2.06MB (0.3s)
[619/630] degrade    MinRTT-multi(new) seed=19 FCT=  6.301s FCT95=  5.949s done=1 p0=3.45MB p1=2.10MB (0.3s)
[620/630] degrade    MinRTT-multi(new) seed=20 FCT=  6.289s FCT95=  5.936s done=1 p0=3.44MB p1=2.11MB (0.3s)
[621/630] degrade    MinRTT-multi(new) seed=21 FCT=  6.107s FCT95=  5.741s done=1 p0=3.48MB p1=2.07MB (0.5s)
[622/630] degrade    MinRTT-multi(new) seed=22 FCT=  6.327s FCT95=  5.975s done=1 p0=3.45MB p1=2.10MB (0.3s)
[623/630] degrade    MinRTT-multi(new) seed=23 FCT=  6.354s FCT95=  6.001s done=1 p0=3.45MB p1=2.10MB (0.3s)
[624/630] degrade    MinRTT-multi(new) seed=24 FCT=  6.278s FCT95=  5.925s done=1 p0=3.45MB p1=2.11MB (0.3s)
[625/630] degrade    MinRTT-multi(new) seed=25 FCT=  6.378s FCT95=  6.000s done=1 p0=3.44MB p1=2.11MB (0.3s)
[626/630] degrade    MinRTT-multi(new) seed=26 FCT=  6.353s FCT95=  5.975s done=1 p0=3.47MB p1=2.08MB (0.4s)
[627/630] degrade    MinRTT-multi(new) seed=27 FCT=  6.289s FCT95=  5.937s done=1 p0=3.46MB p1=2.10MB (0.3s)
[628/630] degrade    MinRTT-multi(new) seed=28 FCT=  6.327s FCT95=  5.975s done=1 p0=3.45MB p1=2.11MB (0.3s)
[629/630] degrade    MinRTT-multi(new) seed=29 FCT=  6.353s FCT95=  6.000s done=1 p0=3.46MB p1=2.10MB (0.3s)
[630/630] degrade    MinRTT-multi(new) seed=30 FCT=  6.340s FCT95=  5.987s done=1 p0=3.46MB p1=2.09MB (0.3s)
